Archive member included to satisfy reference by file (symbol)

C:/devkitPro/libctru/lib\libctru.a(console.o)
                              main.o (consoleInit)
C:/devkitPro/libctru/lib\libctru.a(gfx.o)
                              C:/devkitPro/libctru/lib\libctru.a(console.o) (gfxIsWide)
C:/devkitPro/libctru/lib\libctru.a(gspgpu.o)
                              C:/devkitPro/libctru/lib\libctru.a(gfx.o) (gspInit)
C:/devkitPro/libctru/lib\libctru.a(apt.o)
                              main.o (aptMainLoop)
C:/devkitPro/libctru/lib\libctru.a(hid.o)
                              main.o (hidScanInput)
C:/devkitPro/libctru/lib\libctru.a(ctru_init.o)
                              C:/devkitPro/libctru/lib\libctru.a(apt.o) (__system_retAddr)
C:/devkitPro/libctru/lib\libctru.a(initArgv.o)
                              C:/devkitPro/libctru/lib\libctru.a(ctru_init.o) (__system_initArgv)
C:/devkitPro/libctru/lib\libctru.a(svc.o)
                              C:/devkitPro/libctru/lib\libctru.a(apt.o) (svcSleepThread)
C:/devkitPro/libctru/lib\libctru.a(stack_adjust.o)
                              c:/devkitpro/devkitarm/bin/../lib/gcc/arm-none-eabi/12.1.0/../../../../arm-none-eabi/lib/armv6k/fpu/3dsx_crt0.o (initSystem)
C:/devkitPro/libctru/lib\libctru.a(default_font.bin.o)
                              C:/devkitPro/libctru/lib\libctru.a(console.o) (default_font_bin)
C:/devkitPro/libctru/lib\libctru.a(vram.o)
                              C:/devkitPro/libctru/lib\libctru.a(gfx.o) (vramAlloc)
C:/devkitPro/libctru/lib\libctru.a(linear.o)
                              C:/devkitPro/libctru/lib\libctru.a(gfx.o) (linearAlloc)
C:/devkitPro/libctru/lib\libctru.a(mem_pool.o)
                              C:/devkitPro/libctru/lib\libctru.a(vram.o) (MemPool::Allocate(MemChunk&, unsigned long, int))
C:/devkitPro/libctru/lib\libctru.a(synchronization.o)
                              C:/devkitPro/libctru/lib\libctru.a(ctru_init.o) (__sync_init)
C:/devkitPro/libctru/lib\libctru.a(os.o)
                              C:/devkitPro/libctru/lib\libctru.a(apt.o) (__ctru_speedup_config)
C:/devkitPro/libctru/lib\libctru.a(3dslink.o)
                              C:/devkitPro/libctru/lib\libctru.a(initArgv.o) (__3dslink_host)
C:/devkitPro/libctru/lib\libctru.a(srv.o)
                              C:/devkitPro/libctru/lib\libctru.a(apt.o) (srvInit)
C:/devkitPro/libctru/lib\libctru.a(thread.o)
                              C:/devkitPro/libctru/lib\libctru.a(gspgpu.o) (threadCreate)
C:/devkitPro/libctru/lib\libctru.a(mappable.o)
                              C:/devkitPro/libctru/lib\libctru.a(gspgpu.o) (mappableAlloc)
C:/devkitPro/libctru/lib\libctru.a(irrst.o)
                              C:/devkitPro/libctru/lib\libctru.a(hid.o) (irrstInit)
C:/devkitPro/libctru/lib\libctru.a(srvpm.o)
                              C:/devkitPro/libctru/lib\libctru.a(srv.o) (srvPmGetSessionHandle)
C:/devkitPro/libctru/lib\libctru.a(ptmsysm.o)
                              C:/devkitPro/libctru/lib\libctru.a(os.o) (ptmSysmInit)
C:/devkitPro/libctru/lib\libctru.a(soc_socket.o)
                              C:/devkitPro/libctru/lib\libctru.a(3dslink.o) (socket)
C:/devkitPro/libctru/lib\libctru.a(soc_connect.o)
                              C:/devkitPro/libctru/lib\libctru.a(3dslink.o) (connect)
C:/devkitPro/libctru/lib\libctru.a(soc_common.o)
                              C:/devkitPro/libctru/lib\libctru.a(soc_socket.o) (_net_convert_error)
C:/devkitPro/libctru/lib\libctru.a(rbtree_init.o)
                              C:/devkitPro/libctru/lib\libctru.a(vram.o) (rbtree_init)
C:/devkitPro/libctru/lib\libctru.a(rbtree_insert.o)
                              C:/devkitPro/libctru/lib\libctru.a(vram.o) (rbtree_insert)
C:/devkitPro/libctru/lib\libctru.a(rbtree_rotate.o)
                              C:/devkitPro/libctru/lib\libctru.a(rbtree_insert.o) (rbtree_rotate)
C:/devkitPro/libctru/lib\libctru.a(rbtree_remove.o)
                              C:/devkitPro/libctru/lib\libctru.a(vram.o) (rbtree_remove)
C:/devkitPro/libctru/lib\libctru.a(rbtree_find.o)
                              C:/devkitPro/libctru/lib\libctru.a(vram.o) (rbtree_find)
C:/devkitPro/libctru/lib\libctru.a(appInit.o)
                              C:/devkitPro/libctru/lib\libctru.a(stack_adjust.o) (__appInit)
C:/devkitPro/libctru/lib\libctru.a(syscalls.o)
                              C:/devkitPro/libctru/lib\libctru.a(thread.o) (initThreadVars)
C:/devkitPro/libctru/lib\libctru.a(allocateHeaps.o)
                              C:/devkitPro/libctru/lib\libctru.a(ctru_init.o) (__system_allocateHeaps)
C:/devkitPro/libctru/lib\libctru.a(appExit.o)
                              C:/devkitPro/libctru/lib\libctru.a(stack_adjust.o) (__appExit)
C:/devkitPro/libctru/lib\libctru.a(ctru_exit.o)
                              C:/devkitPro/libctru/lib\libctru.a(stack_adjust.o) (__libctru_exit)
C:/devkitPro/libctru/lib\libctru.a(env.o)
[...]
Memory Configuration

Name             Origin             Length             Attributes
*default*        0x0000000000000000 0xffffffffffffffff

Linker script and memory map

                0x0000000000100000                PROVIDE (__start__ = 0x100000)
                0x0000000000100000                . = __start__

.text           0x0000000000100000    0x221f8
 *(.crt0)
 .crt0          0x0000000000100000       0x94 c:/devkitpro/devkitarm/bin/../lib/gcc/arm-none-eabi/12.1.0/../../../../arm-none-eabi/lib/armv6k/fpu/3dsx_crt0.o
                0x0000000000100000                _start
                0x0000000000100008                __service_ptr
                0x000000000010000c                __apt_appid
                0x0000000000100010                __heap_size
                0x0000000000100014                __linear_heap_size
                0x0000000000100018                __system_arglist
                0x000000000010001c                __system_runflags
 *(.init)
 .init          0x0000000000100094        0xc c:/devkitpro/devkitarm/bin/../lib/gcc/arm-none-eabi/12.1.0/armv6k/fpu/crti.o
                0x0000000000100094                _init
 .init          0x00000000001000a0        0xc c:/devkitpro/devkitarm/bin/../lib/gcc/arm-none-eabi/12.1.0/armv6k/fpu/crtn.o
                0x00000000001000ac                . = ALIGN (0x4)
 *(.text)
 .text          0x00000000001000ac      0x240 c:/devkitpro/devkitarm/bin/../lib/gcc/arm-none-eabi/12.1.0/armv6k/fpu\libgcc.a(_divsi3.o)
                0x00000000001000ac                __divsi3
                0x00000000001000ac                __aeabi_idiv
                0x00000000001002cc                __aeabi_idivmod
 .text          0x00000000001002ec        0x4 c:/devkitpro/devkitarm/bin/../lib/gcc/arm-none-eabi/12.1.0/armv6k/fpu\libgcc.a(_dvmd_tls.o)
                0x00000000001002ec                __aeabi_idiv0
                0x00000000001002ec                __aeabi_ldiv0
 .text          0x00000000001002f0       0x3c c:/devkitpro/devkitarm/bin/../lib/gcc/arm-none-eabi/12.1.0/armv6k/fpu\libgcc.a(_aeabi_uldivmod.o)
                0x00000000001002f0                __aeabi_uldivmod
 *fill*         0x000000000010032c       0x14 
 .text          0x0000000000100340      0x390 c:/devkitpro/devkitarm/bin/../lib/gcc/arm-none-eabi/12.1.0/../../../../arm-none-eabi/lib/armv6k/fpu\libg.a(lib_a-strcmp.o)
                0x0000000000100348                strcmp
 .text          0x00000000001006d0      0x20c c:/devkitpro/devkitarm/bin/../lib/gcc/arm-none-eabi/12.1.0/armv6k/fpu\libgcc.a(_udivsi3.o)
                0x00000000001006d0                __aeabi_uidiv
                0x00000000001006d0                __udivsi3
                0x00000000001008bc                __aeabi_uidivmod
 .text          0x00000000001008dc      0x3c0 c:/devkitpro/devkitarm/bin/../lib/gcc/arm-none-eabi/12.1.0/armv6k/fpu\libgcc.a(_arm_addsubdf3.o)
                0x00000000001008dc                __aeabi_drsub
                0x00000000001008e4                __aeabi_dsub
                0x00000000001008e4                __subdf3
                0x00000000001008e8                __aeabi_dadd
                0x00000000001008e8                __adddf3
                0x0000000000100b94                __floatunsidf
                0x0000000000100b94                __aeabi_ui2d
                0x0000000000100bb8                __floatsidf
                0x0000000000100bb8                __aeabi_i2d
                0x0000000000100be0                __aeabi_f2d
                0x0000000000100be0                __extendsfdf2
                0x0000000000100c28                __floatundidf
                0x0000000000100c28                __aeabi_ul2d
                0x0000000000100c3c                __floatdidf
                0x0000000000100c3c                __aeabi_l2d
 *(.text.*)
 .text.__do_global_dtors_aux
                0x0000000000100c9c       0x40 c:/devkitpro/devkitarm/bin/../lib/gcc/arm-none-eabi/12.1.0/armv6k/fpu/crtbegin.o
 .text.frame_dummy
                0x0000000000100cdc       0x2c c:/devkitpro/devkitarm/bin/../lib/gcc/arm-none-eabi/12.1.0/armv6k/fpu/crtbegin.o
 .text.startup  0x0000000000100d08      0x31c main.o
                0x0000000000100d08                main
 .text.parseColor
                0x0000000000101024      0x1e8 C:/devkitPro/libctru/lib\libctru.a(console.o)
 .text.consoleDrawChar
                0x000000000010120c      0x1ac C:/devkitPro/libctru/lib\libctru.a(console.o)
                0x000000000010120c                consoleDrawChar
 .text.consolePrintChar
                0x00000000001013b8      0x124 C:/devkitPro/libctru/lib\libctru.a(console.o)
                0x00000000001013b8                consolePrintChar
 .text.con_write
                0x00000000001014dc      0xb94 C:/devkitPro/libctru/lib\libctru.a(console.o)
                0x00000000001014dc                con_write
 .text.newRow   0x0000000000102070       0xfc C:/devkitPro/libctru/lib\libctru.a(console.o)
 .text.consoleInit
                0x000000000010216c      0x168 C:/devkitPro/libctru/lib\libctru.a(console.o)
                0x000000000010216c                consoleInit
 .text.gfxPresentFramebuffer
                0x00000000001022d4       0xd0 C:/devkitPro/libctru/lib\libctru.a(gfx.o)
 .text.gfxIsWide
                0x00000000001023a4       0x1c C:/devkitPro/libctru/lib\libctru.a(gfx.o)
                0x00000000001023a4                gfxIsWide
 .text.gfxSetScreenFormat
                0x00000000001023c0       0xec C:/devkitPro/libctru/lib\libctru.a(gfx.o)
                0x00000000001023c0                gfxSetScreenFormat
 .text.gfxSetDoubleBuffering
                0x00000000001024ac       0x10 C:/devkitPro/libctru/lib\libctru.a(gfx.o)
                0x00000000001024ac                gfxSetDoubleBuffering
 .text.gfxInit  0x00000000001024bc       0xe0 C:/devkitPro/libctru/lib\libctru.a(gfx.o)
                0x00000000001024bc                gfxInit
 .text.gfxInitDefault
                0x000000000010259c       0x10 C:/devkitPro/libctru/lib\libctru.a(gfx.o)
                0x000000000010259c                gfxInitDefault
 .text.gfxExit  0x00000000001025ac       0xb4 C:/devkitPro/libctru/lib\libctru.a(gfx.o)
                0x00000000001025ac                gfxExit
 .text.gfxGetFramebuffer
                0x0000000000102660       0xa0 C:/devkitPro/libctru/lib\libctru.a(gfx.o)
                0x0000000000102660                gfxGetFramebuffer
 .text.gfxFlushBuffers
                0x0000000000102700      0x104 C:/devkitPro/libctru/lib\libctru.a(gfx.o)
                0x0000000000102700                gfxFlushBuffers
 .text.gfxSwapBuffers
                0x0000000000102804       0x50 C:/devkitPro/libctru/lib\libctru.a(gfx.o)
                0x0000000000102804                gfxSwapBuffers
 .text.gfxSwapBuffersGpu
                0x0000000000102854       0x50 C:/devkitPro/libctru/lib\libctru.a(gfx.o)
                0x0000000000102854                gfxSwapBuffersGpu
 .text.gspHardwareInit
                0x00000000001028a4      0xc58 C:/devkitPro/libctru/lib\libctru.a(gspgpu.o)
 .text.gspInit  0x00000000001034fc      0x248 C:/devkitPro/libctru/lib\libctru.a(gspgpu.o)
                0x00000000001034fc                gspInit
 .text.gspExit  0x0000000000103744       0xf0 C:/devkitPro/libctru/lib\libctru.a(gspgpu.o)
                0x0000000000103744                gspExit
 .text.gspHasGpuRight
                0x0000000000103834       0x10 C:/devkitPro/libctru/lib\libctru.a(gspgpu.o)
                0x0000000000103834                gspHasGpuRight
 .text.gspPresentBuffer
                0x0000000000103844       0xa0 C:/devkitPro/libctru/lib\libctru.a(gspgpu.o)
                0x0000000000103844                gspPresentBuffer
 .text.gspWaitForEvent
                0x00000000001038e4       0x44 C:/devkitPro/libctru/lib\libctru.a(gspgpu.o)
                0x00000000001038e4                gspWaitForEvent
 .text.gxCmdQueueInterrupt
                0x0000000000103928        0x4 C:/devkitPro/libctru/lib\libctru.a(gspgpu.o)
                0x0000000000103928                gxCmdQueueInterrupt
 .text.gspEventThreadMain
                0x000000000010392c      0x158 C:/devkitPro/libctru/lib\libctru.a(gspgpu.o)
 .text.GSPGPU_FlushDataCache
                0x0000000000103a84       0x50 C:/devkitPro/libctru/lib\libctru.a(gspgpu.o)
                0x0000000000103a84                GSPGPU_FlushDataCache
 .text.GSPGPU_SetLcdForceBlack
                0x0000000000103ad4       0x34 C:/devkitPro/libctru/lib\libctru.a(gspgpu.o)
                0x0000000000103ad4                GSPGPU_SetLcdForceBlack
 .text.GSPGPU_AcquireRight
                0x0000000000103b08       0x68 C:/devkitPro/libctru/lib\libctru.a(gspgpu.o)
                0x0000000000103b08                GSPGPU_AcquireRight
 .text.GSPGPU_ReleaseRight
                0x0000000000103b70       0x48 C:/devkitPro/libctru/lib\libctru.a(gspgpu.o)
                0x0000000000103b70                GSPGPU_ReleaseRight
 .text.GSPGPU_ImportDisplayCaptureInfo
                0x0000000000103bb8       0x7c C:/devkitPro/libctru/lib\libctru.a(gspgpu.o)
                0x0000000000103bb8                GSPGPU_ImportDisplayCaptureInfo
 .text.GSPGPU_SaveVramSysArea
                0x0000000000103c34       0x2c C:/devkitPro/libctru/lib\libctru.a(gspgpu.o)
                0x0000000000103c34                GSPGPU_SaveVramSysArea
 .text.GSPGPU_RestoreVramSysArea
                0x0000000000103c60       0x2c C:/devkitPro/libctru/lib\libctru.a(gspgpu.o)
                0x0000000000103c60                GSPGPU_RestoreVramSysArea
 .text.aptConvertScreenForCapture
                0x0000000000103c8c      0x1a4 C:/devkitPro/libctru/lib\libctru.a(apt.o)
 .text.aptDspSleep
                0x0000000000103e30        0x8 C:/devkitPro/libctru/lib\libctru.a(apt.o)
                0x0000000000103e30                aptDspSleep
 .text.aptDspWakeup
                0x0000000000103e38        0x4 C:/devkitPro/libctru/lib\libctru.a(apt.o)
                0x0000000000103e38                aptDspWakeup
 .text.aptDspCancel
                0x0000000000103e3c        0x4 C:/devkitPro/libctru/lib\libctru.a(apt.o)
                0x0000000000103e3c                aptDspCancel
 .text.aptSendCommand
                0x0000000000103e40      0x158 C:/devkitPro/libctru/lib\libctru.a(apt.o)
                0x0000000000103e40                aptSendCommand
 .text.aptExitProcess
                0x0000000000103f98       0x44 C:/devkitPro/libctru/lib\libctru.a(apt.o)
 .text.aptExit  0x0000000000103fdc      0x2f4 C:/devkitPro/libctru/lib\libctru.a(apt.o)
                0x0000000000103fdc                aptExit
 .text.aptHandleSleep
                0x00000000001042d0       0xe0 C:/devkitPro/libctru/lib\libctru.a(apt.o)
                0x00000000001042d0                aptHandleSleep
 .text.APT_SleepIfShellClosed
                0x00000000001043b0       0x84 C:/devkitPro/libctru/lib\libctru.a(apt.o)
                0x00000000001043b0                APT_SleepIfShellClosed
 .text.aptSetSleepAllowed
                0x0000000000104434       0x84 C:/devkitPro/libctru/lib\libctru.a(apt.o)
                0x0000000000104434                aptSetSleepAllowed
 .text.APT_UnlockTransition
                0x00000000001044b8       0x84 C:/devkitPro/libctru/lib\libctru.a(apt.o)
                0x00000000001044b8                APT_UnlockTransition
 *fill*         0x000000000010453c        0x4 
 .text.aptEventHandler
                0x0000000000104540      0x4a4 C:/devkitPro/libctru/lib\libctru.a(apt.o)
 .text.APT_ReceiveParameter
                0x00000000001049e4       0xb0 C:/devkitPro/libctru/lib\libctru.a(apt.o)
                0x00000000001049e4                APT_ReceiveParameter
 .text.aptReceiveParameter.constprop.0
                0x0000000000104a94       0xb0 C:/devkitPro/libctru/lib\libctru.a(apt.o)
 *fill*         0x0000000000104b44        0x4 
 .text.aptScreenTransfer
                0x0000000000104b48      0x2ac C:/devkitPro/libctru/lib\libctru.a(apt.o)
 .text.aptWaitForWakeUp.isra.0
                0x0000000000104df4      0x344 C:/devkitPro/libctru/lib\libctru.a(apt.o)
 .text.aptJumpToHomeMenu
                0x0000000000105138      0x100 C:/devkitPro/libctru/lib\libctru.a(apt.o)
                0x0000000000105138                aptJumpToHomeMenu
 .text.aptMainLoop
                0x0000000000105238       0x48 C:/devkitPro/libctru/lib\libctru.a(apt.o)
                0x0000000000105238                aptMainLoop
 .text.aptInit  0x0000000000105280      0x22c C:/devkitPro/libctru/lib\libctru.a(apt.o)
                0x0000000000105280                aptInit
 .text.APT_CheckNew3DS
                0x00000000001054ac       0x7c C:/devkitPro/libctru/lib\libctru.a(apt.o)
                0x00000000001054ac                APT_CheckNew3DS
 .text.hidShouldUseIrrst
                0x0000000000105528       0x24 C:/devkitPro/libctru/lib\libctru.a(hid.o)
                0x0000000000105528                hidShouldUseIrrst
 .text.hidInit  0x000000000010554c      0x18c C:/devkitPro/libctru/lib\libctru.a(hid.o)
                0x000000000010554c                hidInit
 .text.hidExit  0x00000000001056d8       0xe8 C:/devkitPro/libctru/lib\libctru.a(hid.o)
                0x00000000001056d8                hidExit
 .text.hidScanInput
                0x00000000001057c0      0x2a4 C:/devkitPro/libctru/lib\libctru.a(hid.o)
                0x00000000001057c0                hidScanInput
 .text.hidKeysDown
                0x0000000000105a64       0x10 C:/devkitPro/libctru/lib\libctru.a(hid.o)
                0x0000000000105a64                hidKeysDown
 .text.__libctru_init
                0x0000000000105a74       0x38 C:/devkitPro/libctru/lib\libctru.a(ctru_init.o)
                0x0000000000105a74                __libctru_init
 .text.__system_initArgv
                0x0000000000105aac      0x170 C:/devkitPro/libctru/lib\libctru.a(initArgv.o)
                0x0000000000105aac                __system_initArgv
 .text.svcControlMemory
                0x0000000000105c1c       0x20 C:/devkitPro/libctru/lib\libctru.a(svc.o)
                0x0000000000105c1c                svcControlMemory
 .text.svcQueryMemory
                0x0000000000105c3c       0x30 C:/devkitPro/libctru/lib\libctru.a(svc.o)
                0x0000000000105c3c                svcQueryMemory
 .text.svcExitProcess
                0x0000000000105c6c        0x8 C:/devkitPro/libctru/lib\libctru.a(svc.o)
                0x0000000000105c6c                svcExitProcess
 .text.svcCreateThread
                0x0000000000105c74       0x20 C:/devkitPro/libctru/lib\libctru.a(svc.o)
                0x0000000000105c74                svcCreateThread
 .text.svcExitThread
                0x0000000000105c94        0x8 C:/devkitPro/libctru/lib\libctru.a(svc.o)
                0x0000000000105c94                svcExitThread
 .text.svcSleepThread
                0x0000000000105c9c        0x8 C:/devkitPro/libctru/lib\libctru.a(svc.o)
                0x0000000000105c9c                svcSleepThread
 .text.svcReleaseMutex
                0x0000000000105ca4        0x8 C:/devkitPro/libctru/lib\libctru.a(svc.o)
                0x0000000000105ca4                svcReleaseMutex
 .text.svcCreateEvent
                0x0000000000105cac       0x14 C:/devkitPro/libctru/lib\libctru.a(svc.o)
                0x0000000000105cac                svcCreateEvent
 .text.svcSignalEvent
                0x0000000000105cc0        0x8 C:/devkitPro/libctru/lib\libctru.a(svc.o)
                0x0000000000105cc0                svcSignalEvent
 .text.svcClearEvent
                0x0000000000105cc8        0x8 C:/devkitPro/libctru/lib\libctru.a(svc.o)
                0x0000000000105cc8                svcClearEvent
 .text.svcMapMemoryBlock
                0x0000000000105cd0        0x8 C:/devkitPro/libctru/lib\libctru.a(svc.o)
                0x0000000000105cd0                svcMapMemoryBlock
 .text.svcUnmapMemoryBlock
                0x0000000000105cd8        0x8 C:/devkitPro/libctru/lib\libctru.a(svc.o)
                0x0000000000105cd8                svcUnmapMemoryBlock
 .text.svcCreateAddressArbiter
                0x0000000000105ce0       0x14 C:/devkitPro/libctru/lib\libctru.a(svc.o)
                0x0000000000105ce0                svcCreateAddressArbiter
 .text.svcArbitrateAddressNoTimeout
                0x0000000000105cf4        0x8 C:/devkitPro/libctru/lib\libctru.a(svc.o)
                0x0000000000105cf4                svcArbitrateAddressNoTimeout
 .text.svcCloseHandle
                0x0000000000105cfc        0x8 C:/devkitPro/libctru/lib\libctru.a(svc.o)
                0x0000000000105cfc                svcCloseHandle
 .text.svcWaitSynchronization
                0x0000000000105d04        0x8 C:/devkitPro/libctru/lib\libctru.a(svc.o)
                0x0000000000105d04                svcWaitSynchronization
 .text.svcWaitSynchronizationN
                0x0000000000105d0c       0x28 C:/devkitPro/libctru/lib\libctru.a(svc.o)
                0x0000000000105d0c                svcWaitSynchronizationN
 .text.svcDuplicateHandle
                0x0000000000105d34       0x14 C:/devkitPro/libctru/lib\libctru.a(svc.o)
                0x0000000000105d34                svcDuplicateHandle
 .text.svcConnectToPort
                0x0000000000105d48       0x14 C:/devkitPro/libctru/lib\libctru.a(svc.o)
                0x0000000000105d48                svcConnectToPort
 .text.svcSendSyncRequest
                0x0000000000105d5c        0x8 C:/devkitPro/libctru/lib\libctru.a(svc.o)
                0x0000000000105d5c                svcSendSyncRequest
 .text.svcGetResourceLimit
                0x0000000000105d64       0x14 C:/devkitPro/libctru/lib\libctru.a(svc.o)
                0x0000000000105d64                svcGetResourceLimit
 .text.svcGetResourceLimitLimitValues
                0x0000000000105d78        0x8 C:/devkitPro/libctru/lib\libctru.a(svc.o)
                0x0000000000105d78                svcGetResourceLimitLimitValues
 .text.svcGetResourceLimitCurrentValues
                0x0000000000105d80        0x8 C:/devkitPro/libctru/lib\libctru.a(svc.o)
                0x0000000000105d80                svcGetResourceLimitCurrentValues
 .text.svcBreak
                0x0000000000105d88        0x8 C:/devkitPro/libctru/lib\libctru.a(svc.o)
                0x0000000000105d88                svcBreak
 .text.initSystem
                0x0000000000105d90       0x50 C:/devkitPro/libctru/lib\libctru.a(stack_adjust.o)
                0x0000000000105d90                initSystem
 .text.__ctru_exit
                0x0000000000105de0       0x18 C:/devkitPro/libctru/lib\libctru.a(stack_adjust.o)
                0x0000000000105de0                __ctru_exit
 .text._ZL21addrMapNodeComparatorPK11rbtree_nodeS1_
                0x0000000000105df8       0x24 C:/devkitPro/libctru/lib\libctru.a(vram.o)
 .text._ZL21addrMapNodeDestructorP11rbtree_node
                0x0000000000105e1c        0x4 C:/devkitPro/libctru/lib\libctru.a(vram.o)
 .text.vramMemAlignAt
                0x0000000000105e20      0x250 C:/devkitPro/libctru/lib\libctru.a(vram.o)
                0x0000000000105e20                vramMemAlignAt
 .text.vramAlloc
                0x0000000000106070        0xc C:/devkitPro/libctru/lib\libctru.a(vram.o)
                0x0000000000106070                vramAlloc
 .text.vramFree
                0x000000000010607c       0x90 C:/devkitPro/libctru/lib\libctru.a(vram.o)
                0x000000000010607c                vramFree
 .text._ZL21addrMapNodeComparatorPK11rbtree_nodeS1_
                0x000000000010610c       0x24 C:/devkitPro/libctru/lib\libctru.a(linear.o)
 .text._ZL21addrMapNodeDestructorP11rbtree_node
                0x0000000000106130        0x4 C:/devkitPro/libctru/lib\libctru.a(linear.o)
 .text.linearMemAlign
                0x0000000000106134      0x120 C:/devkitPro/libctru/lib\libctru.a(linear.o)
                0x0000000000106134                linearMemAlign
 .text.linearAlloc
                0x0000000000106254        0x8 C:/devkitPro/libctru/lib\libctru.a(linear.o)
                0x0000000000106254                linearAlloc
 .text.linearFree
                0x000000000010625c       0x5c C:/devkitPro/libctru/lib\libctru.a(linear.o)
                0x000000000010625c                linearFree
 .text._ZN7MemPool13CoalesceRightEP8MemBlock
                0x00000000001062b8       0x80 C:/devkitPro/libctru/lib\libctru.a(mem_pool.o)
                0x00000000001062b8                MemPool::CoalesceRight(MemBlock*)
 .text._ZN7MemPool8AllocateER8MemChunkmi
                0x0000000000106338      0x16c C:/devkitPro/libctru/lib\libctru.a(mem_pool.o)
                0x0000000000106338                MemPool::Allocate(MemChunk&, unsigned long, int)
 .text._ZN7MemPool10DeallocateERK8MemChunk
                0x00000000001064a4       0xfc C:/devkitPro/libctru/lib\libctru.a(mem_pool.o)
                0x00000000001064a4                MemPool::Deallocate(MemChunk const&)
 .text._ZN7MemPool12GetFreeSpaceEv
                0x00000000001065a0       0x30 C:/devkitPro/libctru/lib\libctru.a(mem_pool.o)
                0x00000000001065a0                MemPool::GetFreeSpace()
 .text.__sync_init
                0x00000000001065d0        0xc C:/devkitPro/libctru/lib\libctru.a(synchronization.o)
                0x00000000001065d0                __sync_init
 .text.__sync_fini
                0x00000000001065dc       0x18 C:/devkitPro/libctru/lib\libctru.a(synchronization.o)
                0x00000000001065dc                __sync_fini
 .text.syncArbitrateAddress
                0x00000000001065f4       0x2c C:/devkitPro/libctru/lib\libctru.a(synchronization.o)
                0x00000000001065f4                syncArbitrateAddress
 .text.LightLock_Lock
                0x0000000000106620       0xb0 C:/devkitPro/libctru/lib\libctru.a(synchronization.o)
                0x0000000000106620                LightLock_Lock
 .text.LightLock_Unlock
                0x00000000001066d0       0x40 C:/devkitPro/libctru/lib\libctru.a(synchronization.o)
                0x00000000001066d0                LightLock_Unlock
 .text.RecursiveLock_Init
                0x0000000000106710       0x24 C:/devkitPro/libctru/lib\libctru.a(synchronization.o)
                0x0000000000106710                RecursiveLock_Init
 .text.RecursiveLock_Lock
                0x0000000000106734       0x30 C:/devkitPro/libctru/lib\libctru.a(synchronization.o)
                0x0000000000106734                RecursiveLock_Lock
 .text.RecursiveLock_Unlock
                0x0000000000106764       0x54 C:/devkitPro/libctru/lib\libctru.a(synchronization.o)
                0x0000000000106764                RecursiveLock_Unlock
 .text.LightEvent_Init
                0x00000000001067b8       0x40 C:/devkitPro/libctru/lib\libctru.a(synchronization.o)
                0x00000000001067b8                LightEvent_Init
 .text.LightEvent_Clear
                0x00000000001067f8       0xa4 C:/devkitPro/libctru/lib\libctru.a(synchronization.o)
                0x00000000001067f8                LightEvent_Clear
 .text.LightEvent_Signal
                0x000000000010689c       0xc8 C:/devkitPro/libctru/lib\libctru.a(synchronization.o)
                0x000000000010689c                LightEvent_Signal
 .text.LightEvent_TryWait
                0x0000000000106964       0x50 C:/devkitPro/libctru/lib\libctru.a(synchronization.o)
                0x0000000000106964                LightEvent_TryWait
 .text.LightEvent_Wait
                0x00000000001069b4       0xb0 C:/devkitPro/libctru/lib\libctru.a(synchronization.o)
                0x00000000001069b4                LightEvent_Wait
 .text.__ctru_speedup_config
                0x0000000000106a64       0x34 C:/devkitPro/libctru/lib\libctru.a(os.o)
                0x0000000000106a64                __ctru_speedup_config
 .text.srvInit  0x0000000000106a98      0x130 C:/devkitPro/libctru/lib\libctru.a(srv.o)
                0x0000000000106a98                srvInit
 .text.srvExit  0x0000000000106bc8       0x58 C:/devkitPro/libctru/lib\libctru.a(srv.o)
                0x0000000000106bc8                srvExit
 .text.srvGetServiceHandleDirect
                0x0000000000106c20       0xa0 C:/devkitPro/libctru/lib\libctru.a(srv.o)
                0x0000000000106c20                srvGetServiceHandleDirect
 .text.srvGetServiceHandle
                0x0000000000106cc0       0x38 C:/devkitPro/libctru/lib\libctru.a(srv.o)
                0x0000000000106cc0                srvGetServiceHandle
 .text.srvPublishToSubscriber
                0x0000000000106cf8       0x38 C:/devkitPro/libctru/lib\libctru.a(srv.o)
                0x0000000000106cf8                srvPublishToSubscriber
 .text.threadCreate
                0x0000000000106d30      0x178 C:/devkitPro/libctru/lib\libctru.a(thread.o)
                0x0000000000106d30                threadCreate
 .text.threadFree
                0x0000000000106ea8       0x2c C:/devkitPro/libctru/lib\libctru.a(thread.o)
                0x0000000000106ea8                threadFree
 .text.threadJoin
                0x0000000000106ed4       0x24 C:/devkitPro/libctru/lib\libctru.a(thread.o)
                0x0000000000106ed4                threadJoin
 .text.threadGetCurrent
                0x0000000000106ef8       0x30 C:/devkitPro/libctru/lib\libctru.a(thread.o)
                0x0000000000106ef8                threadGetCurrent
 .text.threadExit
                0x0000000000106f28       0x40 C:/devkitPro/libctru/lib\libctru.a(thread.o)
                0x0000000000106f28                threadExit
 .text._thread_begin
                0x0000000000106f68       0x20 C:/devkitPro/libctru/lib\libctru.a(thread.o)
 .text.mappableFindAddressWithin
                0x0000000000106f88       0xb4 C:/devkitPro/libctru/lib\libctru.a(mappable.o)
 .text.mappableInit
                0x000000000010703c       0x28 C:/devkitPro/libctru/lib\libctru.a(mappable.o)
                0x000000000010703c                mappableInit
 .text.mappableAlloc
                0x0000000000107064       0x80 C:/devkitPro/libctru/lib\libctru.a(mappable.o)
                0x0000000000107064                mappableAlloc
 .text.mappableFree
                0x00000000001070e4        0x4 C:/devkitPro/libctru/lib\libctru.a(mappable.o)
                0x00000000001070e4                mappableFree
 .text.irrstInit
                0x00000000001070e8      0x164 C:/devkitPro/libctru/lib\libctru.a(irrst.o)
                0x00000000001070e8                irrstInit
 .text.irrstExit
                0x000000000010724c       0xcc C:/devkitPro/libctru/lib\libctru.a(irrst.o)
                0x000000000010724c                irrstExit
 .text.irrstScanInput
                0x0000000000107318       0xb4 C:/devkitPro/libctru/lib\libctru.a(irrst.o)
                0x0000000000107318                irrstScanInput
 .text.irrstKeysHeld
                0x00000000001073cc       0x24 C:/devkitPro/libctru/lib\libctru.a(irrst.o)
                0x00000000001073cc                irrstKeysHeld
 .text.srvPmGetSessionHandle
                0x00000000001073f0        0xc C:/devkitPro/libctru/lib\libctru.a(srvpm.o)
                0x00000000001073f0                srvPmGetSessionHandle
 .text.ptmSysmInit
                0x00000000001073fc       0x74 C:/devkitPro/libctru/lib\libctru.a(ptmsysm.o)
                0x00000000001073fc                ptmSysmInit
 .text.ptmSysmExit
                0x0000000000107470       0x3c C:/devkitPro/libctru/lib\libctru.a(ptmsysm.o)
                0x0000000000107470                ptmSysmExit
 .text.PTMSYSM_ConfigureNew3DSCPU
                0x00000000001074ac       0x34 C:/devkitPro/libctru/lib\libctru.a(ptmsysm.o)
                0x00000000001074ac                PTMSYSM_ConfigureNew3DSCPU
 .text.rbtree_init
                0x00000000001074e0       0x10 C:/devkitPro/libctru/lib\libctru.a(rbtree_init.o)
                0x00000000001074e0                rbtree_init
 .text.do_insert
                0x00000000001074f0      0x1b4 C:/devkitPro/libctru/lib\libctru.a(rbtree_insert.o)
 .text.rbtree_insert
                0x00000000001076a4        0x8 C:/devkitPro/libctru/lib\libctru.a(rbtree_insert.o)
                0x00000000001076a4                rbtree_insert
 .text.rbtree_rotate
                0x00000000001076ac       0x90 C:/devkitPro/libctru/lib\libctru.a(rbtree_rotate.o)
                0x00000000001076ac                rbtree_rotate
 .text.rbtree_remove
                0x000000000010773c      0x318 C:/devkitPro/libctru/lib\libctru.a(rbtree_remove.o)
                0x000000000010773c                rbtree_remove
 .text.rbtree_find
                0x0000000000107a54       0x74 C:/devkitPro/libctru/lib\libctru.a(rbtree_find.o)
                0x0000000000107a54                rbtree_find
 .text.__appInit
                0x0000000000107ac8       0x30 C:/devkitPro/libctru/lib\libctru.a(appInit.o)
                0x0000000000107ac8                __appInit
 .text.__syscall_getreent
                0x0000000000107af8       0x30 C:/devkitPro/libctru/lib\libctru.a(syscalls.o)
                0x0000000000107af8                __syscall_getreent
 .text.__syscall_nanosleep
                0x0000000000107b28       0x30 C:/devkitPro/libctru/lib\libctru.a(syscalls.o)
                0x0000000000107b28                __syscall_nanosleep
 .text.__syscall_lock_acquire
                0x0000000000107b58        0x4 C:/devkitPro/libctru/lib\libctru.a(syscalls.o)
                0x0000000000107b58                __syscall_lock_acquire
 .text.__syscall_lock_release
                0x0000000000107b5c        0x4 C:/devkitPro/libctru/lib\libctru.a(syscalls.o)
                0x0000000000107b5c                __syscall_lock_release
 .text.__syscall_lock_init_recursive
                0x0000000000107b60        0x4 C:/devkitPro/libctru/lib\libctru.a(syscalls.o)
                0x0000000000107b60                __syscall_lock_init_recursive
 .text.__syscall_lock_acquire_recursive
                0x0000000000107b64        0x4 C:/devkitPro/libctru/lib\libctru.a(syscalls.o)
                0x0000000000107b64                __syscall_lock_acquire_recursive
 .text.__syscall_lock_release_recursive
                0x0000000000107b68        0x4 C:/devkitPro/libctru/lib\libctru.a(syscalls.o)
                0x0000000000107b68                __syscall_lock_release_recursive
 .text.__syscall_exit
                0x0000000000107b6c        0x4 C:/devkitPro/libctru/lib\libctru.a(syscalls.o)
                0x0000000000107b6c                __syscall_exit
 .text.initThreadVars
                0x0000000000107b70       0x50 C:/devkitPro/libctru/lib\libctru.a(syscalls.o)
                0x0000000000107b70                initThreadVars
 .text.__system_initSyscalls
                0x0000000000107bc0       0x68 C:/devkitPro/libctru/lib\libctru.a(syscalls.o)
                0x0000000000107bc0                __system_initSyscalls
 .text.__system_allocateHeaps
                0x0000000000107c28      0x1e0 C:/devkitPro/libctru/lib\libctru.a(allocateHeaps.o)
                0x0000000000107c28                __system_allocateHeaps
 .text.__appExit
                0x0000000000107e08       0x30 C:/devkitPro/libctru/lib\libctru.a(appExit.o)
                0x0000000000107e08                __appExit
 .text.__libctru_exit
                0x0000000000107e38       0x90 C:/devkitPro/libctru/lib\libctru.a(ctru_exit.o)
                0x0000000000107e38                __libctru_exit
 .text.envGetHandle
                0x0000000000107ec8       0x84 C:/devkitPro/libctru/lib\libctru.a(env.o)
                0x0000000000107ec8                envGetHandle
 .text.envDestroyHandles
                0x0000000000107f4c       0x50 C:/devkitPro/libctru/lib\libctru.a(env.o)
                0x0000000000107f4c                envDestroyHandles
 .text.archive_link
                0x0000000000107f9c       0x14 C:/devkitPro/libctru/lib\libctru.a(archive_dev.o)
 .text.archive_dirreset
                0x0000000000107fb0       0x14 C:/devkitPro/libctru/lib\libctru.a(archive_dev.o)
 .text.archive_chmod
                0x0000000000107fc4       0x14 C:/devkitPro/libctru/lib\libctru.a(archive_dev.o)
 .text.error_cmp
                0x0000000000107fd8       0x24 C:/devkitPro/libctru/lib\libctru.a(archive_dev.o)
 .text.archive_translate_error
                0x0000000000107ffc       0x50 C:/devkitPro/libctru/lib\libctru.a(archive_dev.o)
 .text.archive_seek
                0x000000000010804c       0xc8 C:/devkitPro/libctru/lib\libctru.a(archive_dev.o)
 .text._archiveInit.part.0
                0x0000000000108114       0x7c C:/devkitPro/libctru/lib\libctru.a(archive_dev.o)
 .text.archiveFindDevice.part.0
                0x0000000000108190       0xc4 C:/devkitPro/libctru/lib\libctru.a(archive_dev.o)
 .text.archive_utf16path
                0x0000000000108254      0x25c C:/devkitPro/libctru/lib\libctru.a(archive_dev.o)
 .text._archiveUnmountDeviceStruct.part.0
                0x00000000001084b0       0xa0 C:/devkitPro/libctru/lib\libctru.a(archive_dev.o)
 .text.archive_fchmod
                0x0000000000108550       0x14 C:/devkitPro/libctru/lib\libctru.a(archive_dev.o)
 .text.archive_statvfs
                0x0000000000108564       0x14 C:/devkitPro/libctru/lib\libctru.a(archive_dev.o)
 .text._archiveMountDevice
                0x0000000000108578      0x164 C:/devkitPro/libctru/lib\libctru.a(archive_dev.o)
 .text.archive_diropen
                0x00000000001086dc       0xe8 C:/devkitPro/libctru/lib\libctru.a(archive_dev.o)
 .text.archive_fstat
                0x00000000001087c4       0xa4 C:/devkitPro/libctru/lib\libctru.a(archive_dev.o)
 .text.archive_close
                0x0000000000108868       0x6c C:/devkitPro/libctru/lib\libctru.a(archive_dev.o)
 .text.archive_fsync
                0x00000000001088d4       0x6c C:/devkitPro/libctru/lib\libctru.a(archive_dev.o)
 .text.archive_dirclose
                0x0000000000108940       0x70 C:/devkitPro/libctru/lib\libctru.a(archive_dev.o)
 .text.sdmc_statvfs
                0x00000000001089b0       0xe8 C:/devkitPro/libctru/lib\libctru.a(archive_dev.o)
 .text.archive_chdir
                0x0000000000108a98       0xec C:/devkitPro/libctru/lib\libctru.a(archive_dev.o)
 .text.archive_ftruncate
                0x0000000000108b84       0x7c C:/devkitPro/libctru/lib\libctru.a(archive_dev.o)
 .text.archive_read
                0x0000000000108c00       0xac C:/devkitPro/libctru/lib\libctru.a(archive_dev.o)
 .text.archive_unlink
                0x0000000000108cac       0xa4 C:/devkitPro/libctru/lib\libctru.a(archive_dev.o)
 .text.archive_rmdir
                0x0000000000108d50       0xbc C:/devkitPro/libctru/lib\libctru.a(archive_dev.o)
 .text.archive_mkdir
                0x0000000000108e0c       0xdc C:/devkitPro/libctru/lib\libctru.a(archive_dev.o)
 .text.archive_stat
                0x0000000000108ee8      0x19c C:/devkitPro/libctru/lib\libctru.a(archive_dev.o)
 .text.archive_dirnext
                0x0000000000109084      0x15c C:/devkitPro/libctru/lib\libctru.a(archive_dev.o)
 .text.archive_write
                0x00000000001091e0       0xec C:/devkitPro/libctru/lib\libctru.a(archive_dev.o)
 .text.archive_open
                0x00000000001092cc      0x1d4 C:/devkitPro/libctru/lib\libctru.a(archive_dev.o)
 .text.archive_rename
                0x00000000001094a0      0x278 C:/devkitPro/libctru/lib\libctru.a(archive_dev.o)
 .text.archiveMountSdmc
                0x0000000000109718      0x19c C:/devkitPro/libctru/lib\libctru.a(archive_dev.o)
                0x0000000000109718                archiveMountSdmc
 .text.archiveUnmountAll
                0x00000000001098b4       0x54 C:/devkitPro/libctru/lib\libctru.a(archive_dev.o)
                0x00000000001098b4                archiveUnmountAll
 .text.fsInit   0x0000000000109908       0xcc C:/devkitPro/libctru/lib\libctru.a(fs.o)
                0x0000000000109908                fsInit
 .text.fsExit   0x00000000001099d4       0x3c C:/devkitPro/libctru/lib\libctru.a(fs.o)
                0x00000000001099d4                fsExit
 .text.fsExemptFromSession
                0x0000000000109a10       0x60 C:/devkitPro/libctru/lib\libctru.a(fs.o)
                0x0000000000109a10                fsExemptFromSession
 .text.fsUnexemptFromSession
                0x0000000000109a70       0x50 C:/devkitPro/libctru/lib\libctru.a(fs.o)
                0x0000000000109a70                fsUnexemptFromSession
 .text.FSUSER_OpenFile
                0x0000000000109ac0       0xcc C:/devkitPro/libctru/lib\libctru.a(fs.o)
                0x0000000000109ac0                FSUSER_OpenFile
 .text.FSUSER_DeleteFile
                0x0000000000109b8c       0xbc C:/devkitPro/libctru/lib\libctru.a(fs.o)
                0x0000000000109b8c                FSUSER_DeleteFile
 .text.FSUSER_RenameFile
                0x0000000000109c48       0xf8 C:/devkitPro/libctru/lib\libctru.a(fs.o)
                0x0000000000109c48                FSUSER_RenameFile
 .text.FSUSER_DeleteDirectory
                0x0000000000109d40       0xbc C:/devkitPro/libctru/lib\libctru.a(fs.o)
                0x0000000000109d40                FSUSER_DeleteDirectory
 .text.FSUSER_CreateFile
                0x0000000000109dfc       0xd4 C:/devkitPro/libctru/lib\libctru.a(fs.o)
                0x0000000000109dfc                FSUSER_CreateFile
 .text.FSUSER_CreateDirectory
                0x0000000000109ed0       0xc4 C:/devkitPro/libctru/lib\libctru.a(fs.o)
                0x0000000000109ed0                FSUSER_CreateDirectory
 .text.FSUSER_RenameDirectory
                0x0000000000109f94       0xf8 C:/devkitPro/libctru/lib\libctru.a(fs.o)
                0x0000000000109f94                FSUSER_RenameDirectory
 .text.FSUSER_OpenDirectory
                0x000000000010a08c       0xb4 C:/devkitPro/libctru/lib\libctru.a(fs.o)
                0x000000000010a08c                FSUSER_OpenDirectory
 .text.FSUSER_OpenArchive
                0x000000000010a140       0x98 C:/devkitPro/libctru/lib\libctru.a(fs.o)
                0x000000000010a140                FSUSER_OpenArchive
 .text.FSUSER_CloseArchive
                0x000000000010a1d8       0x8c C:/devkitPro/libctru/lib\libctru.a(fs.o)
                0x000000000010a1d8                FSUSER_CloseArchive
 .text.FSUSER_GetSdmcArchiveResource
                0x000000000010a264       0x74 C:/devkitPro/libctru/lib\libctru.a(fs.o)
                0x000000000010a264                FSUSER_GetSdmcArchiveResource
 .text.FSUSER_IsSdmcWritable
                0x000000000010a2d8       0x64 C:/devkitPro/libctru/lib\libctru.a(fs.o)
                0x000000000010a2d8                FSUSER_IsSdmcWritable
 .text.FSFILE_Read
                0x000000000010a33c       0x58 C:/devkitPro/libctru/lib\libctru.a(fs.o)
                0x000000000010a33c                FSFILE_Read
 .text.FSFILE_Write
                0x000000000010a394       0x60 C:/devkitPro/libctru/lib\libctru.a(fs.o)
                0x000000000010a394                FSFILE_Write
 .text.FSFILE_GetSize
                0x000000000010a3f4       0x3c C:/devkitPro/libctru/lib\libctru.a(fs.o)
                0x000000000010a3f4                FSFILE_GetSize
 .text.FSFILE_SetSize
                0x000000000010a430       0x28 C:/devkitPro/libctru/lib\libctru.a(fs.o)
                0x000000000010a430                FSFILE_SetSize
 .text.FSFILE_Close
                0x000000000010a458       0x3c C:/devkitPro/libctru/lib\libctru.a(fs.o)
                0x000000000010a458                FSFILE_Close
 .text.FSFILE_Flush
                0x000000000010a494       0x24 C:/devkitPro/libctru/lib\libctru.a(fs.o)
                0x000000000010a494                FSFILE_Flush
 .text.FSDIR_Read
                0x000000000010a4b8       0x50 C:/devkitPro/libctru/lib\libctru.a(fs.o)
                0x000000000010a4b8                FSDIR_Read
 .text.FSDIR_Close
                0x000000000010a508       0x3c C:/devkitPro/libctru/lib\libctru.a(fs.o)
                0x000000000010a508                FSDIR_Close
 .text.rbtree_node_next
                0x000000000010a544       0x5c C:/devkitPro/libctru/lib\libctru.a(rbtree_iterator.o)
                0x000000000010a544                rbtree_node_next
 .text.utf16_to_utf8
                0x000000000010a5a0       0xe8 C:/devkitPro/libctru/lib\libctru.a(utf16_to_utf8.o)
                0x000000000010a5a0                utf16_to_utf8
 .text.decode_utf16
                0x000000000010a688       0x64 C:/devkitPro/libctru/lib\libctru.a(decode_utf16.o)
                0x000000000010a688                decode_utf16
 .text.decode_utf8
                0x000000000010a6ec      0x13c C:/devkitPro/libctru/lib\libctru.a(decode_utf8.o)
                0x000000000010a6ec                decode_utf8
 .text.utf8_to_utf16
                0x000000000010a828       0xc0 C:/devkitPro/libctru/lib\libctru.a(utf8_to_utf16.o)
                0x000000000010a828                utf8_to_utf16
 .text.__aeabi_read_tp
                0x000000000010a8e8        0xc C:/devkitPro/libctru/lib\libctru.a(readtp.o)
                0x000000000010a8e8                __aeabi_read_tp
 .text.encode_utf16
                0x000000000010a8f4       0x54 C:/devkitPro/libctru/lib\libctru.a(encode_utf16.o)
                0x000000000010a8f4                encode_utf16
 .text.encode_utf8
                0x000000000010a948       0xe0 C:/devkitPro/libctru/lib\libctru.a(encode_utf8.o)
                0x000000000010a948                encode_utf8
 .text.__udivmoddi4
                0x000000000010aa28      0x120 c:/devkitpro/devkitarm/bin/../lib/gcc/arm-none-eabi/12.1.0/armv6k/fpu\libgcc.a(_udivmoddi4.o)
                0x000000000010aa28                __udivmoddi4
 .text.bsearch  0x000000000010ab48       0x78 c:/devkitpro/devkitarm/bin/../lib/gcc/arm-none-eabi/12.1.0/../../../../arm-none-eabi/lib/armv6k/fpu\libg.a(lib_a-bsearch.o)
                0x000000000010ab48                bsearch
 .text.__errno  0x000000000010abc0        0xc c:/devkitpro/devkitarm/bin/../lib/gcc/arm-none-eabi/12.1.0/../../../../arm-none-eabi/lib/armv6k/fpu\libg.a(lib_a-errno.o)
                0x000000000010abc0                __errno
 .text.exit     0x000000000010abcc       0x34 c:/devkitpro/devkitarm/bin/../lib/gcc/arm-none-eabi/12.1.0/../../../../arm-none-eabi/lib/armv6k/fpu\libg.a(lib_a-exit.o)
                0x000000000010abcc                exit
 .text._fclose_r
                0x000000000010ac00      0x15c c:/devkitpro/devkitarm/bin/../lib/gcc/arm-none-eabi/12.1.0/../../../../arm-none-eabi/lib/armv6k/fpu\libg.a(lib_a-fclose.o)
                0x000000000010ac00                _fclose_r
 .text.fclose   0x000000000010ad5c       0x18 c:/devkitpro/devkitarm/bin/../lib/gcc/arm-none-eabi/12.1.0/../../../../arm-none-eabi/lib/armv6k/fpu\libg.a(lib_a-fclose.o)
                0x000000000010ad5c                fclose
 .text.__sflush_r
                0x000000000010ad74      0x234 c:/devkitpro/devkitarm/bin/../lib/gcc/arm-none-eabi/12.1.0/../../../../arm-none-eabi/lib/armv6k/fpu\libg.a(lib_a-fflush.o)
                0x000000000010ad74                __sflush_r
 .text._fflush_r
                0x000000000010afa8       0x94 c:/devkitpro/devkitarm/bin/../lib/gcc/arm-none-eabi/12.1.0/../../../../arm-none-eabi/lib/armv6k/fpu\libg.a(lib_a-fflush.o)
                0x000000000010afa8                _fflush_r
 .text.fflush   0x000000000010b03c       0x38 c:/devkitpro/devkitarm/bin/../lib/gcc/arm-none-eabi/12.1.0/../../../../arm-none-eabi/lib/armv6k/fpu\libg.a(lib_a-fflush.o)
                0x000000000010b03c                fflush
 .text._fgets_r
                0x000000000010b074      0x1a4 c:/devkitpro/devkitarm/bin/../lib/gcc/arm-none-eabi/12.1.0/../../../../arm-none-eabi/lib/armv6k/fpu\libg.a(lib_a-fgets.o)
                0x000000000010b074                _fgets_r
 .text.fgets    0x000000000010b218       0x28 c:/devkitpro/devkitarm/bin/../lib/gcc/arm-none-eabi/12.1.0/../../../../arm-none-eabi/lib/armv6k/fpu\libg.a(lib_a-fgets.o)
                0x000000000010b218                fgets
 .text._cleanup_r
                0x000000000010b240        0xc c:/devkitpro/devkitarm/bin/../lib/gcc/arm-none-eabi/12.1.0/../../../../arm-none-eabi/lib/armv6k/fpu\libg.a(lib_a-findfp.o)
                0x000000000010b240                _cleanup_r
 .text.__sinit  0x000000000010b24c      0x184 c:/devkitpro/devkitarm/bin/../lib/gcc/arm-none-eabi/12.1.0/../../../../arm-none-eabi/lib/armv6k/fpu\libg.a(lib_a-findfp.o)
                0x000000000010b24c                __sinit
 .text.__sfp    0x000000000010b3d0      0x134 c:/devkitpro/devkitarm/bin/../lib/gcc/arm-none-eabi/12.1.0/../../../../arm-none-eabi/lib/armv6k/fpu\libg.a(lib_a-findfp.o)
                0x000000000010b3d0                __sfp
 .text.__sfp_lock_acquire
                0x000000000010b504        0xc c:/devkitpro/devkitarm/bin/../lib/gcc/arm-none-eabi/12.1.0/../../../../arm-none-eabi/lib/armv6k/fpu\libg.a(lib_a-findfp.o)
                0x000000000010b504                __sfp_lock_acquire
 .text.__sfp_lock_release
                0x000000000010b510        0xc c:/devkitpro/devkitarm/bin/../lib/gcc/arm-none-eabi/12.1.0/../../../../arm-none-eabi/lib/armv6k/fpu\libg.a(lib_a-findfp.o)
                0x000000000010b510                __sfp_lock_release
 .text.__libc_fini_array
                0x000000000010b51c       0x3c c:/devkitpro/devkitarm/bin/../lib/gcc/arm-none-eabi/12.1.0/../../../../arm-none-eabi/lib/armv6k/fpu\libg.a(lib_a-fini.o)
                0x000000000010b51c                __libc_fini_array
 .text._fopen_r
                0x000000000010b558      0x134 c:/devkitpro/devkitarm/bin/../lib/gcc/arm-none-eabi/12.1.0/../../../../arm-none-eabi/lib/armv6k/fpu\libg.a(lib_a-fopen.o)
                0x000000000010b558                _fopen_r
 .text.fopen    0x000000000010b68c       0x20 c:/devkitpro/devkitarm/bin/../lib/gcc/arm-none-eabi/12.1.0/../../../../arm-none-eabi/lib/armv6k/fpu\libg.a(lib_a-fopen.o)
                0x000000000010b68c                fopen
 .text._malloc_trim_r
                0x000000000010b6ac       0xf8 c:/devkitpro/devkitarm/bin/../lib/gcc/arm-none-eabi/12.1.0/../../../../arm-none-eabi/lib/armv6k/fpu\libg.a(lib_a-freer.o)
                0x000000000010b6ac                _malloc_trim_r
 .text._free_r  0x000000000010b7a4      0x2e8 c:/devkitpro/devkitarm/bin/../lib/gcc/arm-none-eabi/12.1.0/../../../../arm-none-eabi/lib/armv6k/fpu\libg.a(lib_a-freer.o)
                0x000000000010b7a4                _free_r
 .text._fseek_r
                0x000000000010ba8c       0x1c c:/devkitpro/devkitarm/bin/../lib/gcc/arm-none-eabi/12.1.0/../../../../arm-none-eabi/lib/armv6k/fpu\libg.a(lib_a-fseek.o)
                0x000000000010ba8c                _fseek_r
 .text._fseeko_r
                0x000000000010baa8      0x590 c:/devkitpro/devkitarm/bin/../lib/gcc/arm-none-eabi/12.1.0/../../../../arm-none-eabi/lib/armv6k/fpu\libg.a(lib_a-fseeko.o)
                0x000000000010baa8                _fseeko_r
 .text._fwalk   0x000000000010c038       0x68 c:/devkitpro/devkitarm/bin/../lib/gcc/arm-none-eabi/12.1.0/../../../../arm-none-eabi/lib/armv6k/fpu\libg.a(lib_a-fwalk.o)
                0x000000000010c038                _fwalk
 .text._fwalk_reent
                0x000000000010c0a0       0x70 c:/devkitpro/devkitarm/bin/../lib/gcc/arm-none-eabi/12.1.0/../../../../arm-none-eabi/lib/armv6k/fpu\libg.a(lib_a-fwalk.o)
                0x000000000010c0a0                _fwalk_reent
 .text._fwrite_r
                0x000000000010c110       0xf0 c:/devkitpro/devkitarm/bin/../lib/gcc/arm-none-eabi/12.1.0/../../../../arm-none-eabi/lib/armv6k/fpu\libg.a(lib_a-fwrite.o)
                0x000000000010c110                _fwrite_r
 .text.fwrite   0x000000000010c200       0x38 c:/devkitpro/devkitarm/bin/../lib/gcc/arm-none-eabi/12.1.0/../../../../arm-none-eabi/lib/armv6k/fpu\libg.a(lib_a-fwrite.o)
                0x000000000010c200                fwrite
 .text.__libc_init_array
                0x000000000010c238       0x84 c:/devkitpro/devkitarm/bin/../lib/gcc/arm-none-eabi/12.1.0/../../../../arm-none-eabi/lib/armv6k/fpu\libg.a(lib_a-init.o)
                0x000000000010c238                __libc_init_array
 .text.__smakebuf_r
                0x000000000010c2bc      0x138 c:/devkitpro/devkitarm/bin/../lib/gcc/arm-none-eabi/12.1.0/../../../../arm-none-eabi/lib/armv6k/fpu\libg.a(lib_a-makebuf.o)
                0x000000000010c2bc                __smakebuf_r
 .text.__swhatbuf_r
                0x000000000010c3f4       0x8c c:/devkitpro/devkitarm/bin/../lib/gcc/arm-none-eabi/12.1.0/../../../../arm-none-eabi/lib/armv6k/fpu\libg.a(lib_a-makebuf.o)
                0x000000000010c3f4                __swhatbuf_r
 .text.memalign
                0x000000000010c480       0x20 c:/devkitpro/devkitarm/bin/../lib/gcc/arm-none-eabi/12.1.0/../../../../arm-none-eabi/lib/armv6k/fpu\libg.a(lib_a-malign.o)
                0x000000000010c480                memalign
 .text._memalign_r
                0x000000000010c4a0      0x14c c:/devkitpro/devkitarm/bin/../lib/gcc/arm-none-eabi/12.1.0/../../../../arm-none-eabi/lib/armv6k/fpu\libg.a(lib_a-malignr.o)
                0x000000000010c4a0                _memalign_r
 .text.malloc   0x000000000010c5ec       0x18 c:/devkitpro/devkitarm/bin/../lib/gcc/arm-none-eabi/12.1.0/../../../../arm-none-eabi/lib/armv6k/fpu\libg.a(lib_a-malloc.o)
                0x000000000010c5ec                malloc
 .text.free     0x000000000010c604       0x18 c:/devkitpro/devkitarm/bin/../lib/gcc/arm-none-eabi/12.1.0/../../../../arm-none-eabi/lib/armv6k/fpu\libg.a(lib_a-malloc.o)
                0x000000000010c604                free
 .text._malloc_r
                0x000000000010c61c      0x7e4 c:/devkitpro/devkitarm/bin/../lib/gcc/arm-none-eabi/12.1.0/../../../../arm-none-eabi/lib/armv6k/fpu\libg.a(lib_a-mallocr.o)
                0x000000000010c61c                _malloc_r
 .text.memchr   0x000000000010ce00       0xe4 c:/devkitpro/devkitarm/bin/../lib/gcc/arm-none-eabi/12.1.0/../../../../arm-none-eabi/lib/armv6k/fpu\libg.a(lib_a-memchr-stub.o)
                0x000000000010ce00                memchr
 .text.memcpy   0x000000000010cee4      0x118 c:/devkitpro/devkitarm/bin/../lib/gcc/arm-none-eabi/12.1.0/../../../../arm-none-eabi/lib/armv6k/fpu\libg.a(lib_a-memcpy-stub.o)
                0x000000000010cee4                memcpy
 .text.memset   0x000000000010cffc       0xf4 c:/devkitpro/devkitarm/bin/../lib/gcc/arm-none-eabi/12.1.0/../../../../arm-none-eabi/lib/armv6k/fpu\libg.a(lib_a-memset.o)
                0x000000000010cffc                memset
 .text.__malloc_lock
                0x000000000010d0f0        0xc c:/devkitpro/devkitarm/bin/../lib/gcc/arm-none-eabi/12.1.0/../../../../arm-none-eabi/lib/armv6k/fpu\libg.a(lib_a-mlock.o)
                0x000000000010d0f0                __malloc_lock
 .text.__malloc_unlock
                0x000000000010d0fc        0xc c:/devkitpro/devkitarm/bin/../lib/gcc/arm-none-eabi/12.1.0/../../../../arm-none-eabi/lib/armv6k/fpu\libg.a(lib_a-mlock.o)
                0x000000000010d0fc                __malloc_unlock
 .text.printf   0x000000000010d108       0x34 c:/devkitpro/devkitarm/bin/../lib/gcc/arm-none-eabi/12.1.0/../../../../arm-none-eabi/lib/armv6k/fpu\libg.a(lib_a-printf.o)
                0x000000000010d108                printf
 .text.putchar  0x000000000010d13c       0x1c c:/devkitpro/devkitarm/bin/../lib/gcc/arm-none-eabi/12.1.0/../../../../arm-none-eabi/lib/armv6k/fpu\libg.a(lib_a-putchar.o)
                0x000000000010d13c                putchar
 .text._putc_r  0x000000000010d158       0xdc c:/devkitpro/devkitarm/bin/../lib/gcc/arm-none-eabi/12.1.0/../../../../arm-none-eabi/lib/armv6k/fpu\libg.a(lib_a-putc.o)
                0x000000000010d158                _putc_r
 .text._puts_r  0x000000000010d234       0xe0 c:/devkitpro/devkitarm/bin/../lib/gcc/arm-none-eabi/12.1.0/../../../../arm-none-eabi/lib/armv6k/fpu\libg.a(lib_a-puts.o)
                0x000000000010d234                _puts_r
 .text.puts     0x000000000010d314       0x18 c:/devkitpro/devkitarm/bin/../lib/gcc/arm-none-eabi/12.1.0/../../../../arm-none-eabi/lib/armv6k/fpu\libg.a(lib_a-puts.o)
                0x000000000010d314                puts
 .text.lflush   0x000000000010d32c       0x1c c:/devkitpro/devkitarm/bin/../lib/gcc/arm-none-eabi/12.1.0/../../../../arm-none-eabi/lib/armv6k/fpu\libg.a(lib_a-refill.o)
 .text.__srefill_r
                0x000000000010d348      0x198 c:/devkitpro/devkitarm/bin/../lib/gcc/arm-none-eabi/12.1.0/../../../../arm-none-eabi/lib/armv6k/fpu\libg.a(lib_a-refill.o)
                0x000000000010d348                __srefill_r
 .text.setvbuf  0x000000000010d4e0      0x25c c:/devkitpro/devkitarm/bin/../lib/gcc/arm-none-eabi/12.1.0/../../../../arm-none-eabi/lib/armv6k/fpu\libg.a(lib_a-setvbuf.o)
                0x000000000010d4e0                setvbuf
 .text.sscanf   0x000000000010d73c       0x74 c:/devkitpro/devkitarm/bin/../lib/gcc/arm-none-eabi/12.1.0/../../../../arm-none-eabi/lib/armv6k/fpu\libg.a(lib_a-sscanf.o)
                0x000000000010d73c                sscanf
 .text.__sread  0x000000000010d7b0       0x44 c:/devkitpro/devkitarm/bin/../lib/gcc/arm-none-eabi/12.1.0/../../../../arm-none-eabi/lib/armv6k/fpu\libg.a(lib_a-stdio.o)
                0x000000000010d7b0                __sread
 .text.__seofread
                0x000000000010d7f4        0x8 c:/devkitpro/devkitarm/bin/../lib/gcc/arm-none-eabi/12.1.0/../../../../arm-none-eabi/lib/armv6k/fpu\libg.a(lib_a-stdio.o)
                0x000000000010d7f4                __seofread
 .text.__swrite
                0x000000000010d7fc       0x68 c:/devkitpro/devkitarm/bin/../lib/gcc/arm-none-eabi/12.1.0/../../../../arm-none-eabi/lib/armv6k/fpu\libg.a(lib_a-stdio.o)
                0x000000000010d7fc                __swrite
 .text.__sseek  0x000000000010d864       0x44 c:/devkitpro/devkitarm/bin/../lib/gcc/arm-none-eabi/12.1.0/../../../../arm-none-eabi/lib/armv6k/fpu\libg.a(lib_a-stdio.o)
                0x000000000010d864                __sseek
 .text.__sclose
                0x000000000010d8a8        0x8 c:/devkitpro/devkitarm/bin/../lib/gcc/arm-none-eabi/12.1.0/../../../../arm-none-eabi/lib/armv6k/fpu\libg.a(lib_a-stdio.o)
                0x000000000010d8a8                __sclose
 .text.strlen   0x000000000010d8b0       0x5c c:/devkitpro/devkitarm/bin/../lib/gcc/arm-none-eabi/12.1.0/../../../../arm-none-eabi/lib/armv6k/fpu\libg.a(lib_a-strlen-stub.o)
                0x000000000010d8b0                strlen
 .text.strncat  0x000000000010d90c       0xe4 c:/devkitpro/devkitarm/bin/../lib/gcc/arm-none-eabi/12.1.0/../../../../arm-none-eabi/lib/armv6k/fpu\libg.a(lib_a-strncat.o)
                0x000000000010d90c                strncat
 .text.strncmp  0x000000000010d9f0       0xe4 c:/devkitpro/devkitarm/bin/../lib/gcc/arm-none-eabi/12.1.0/../../../../arm-none-eabi/lib/armv6k/fpu\libg.a(lib_a-strncmp.o)
                0x000000000010d9f0                strncmp
 .text.strncpy  0x000000000010dad4       0xc4 c:/devkitpro/devkitarm/bin/../lib/gcc/arm-none-eabi/12.1.0/../../../../arm-none-eabi/lib/armv6k/fpu\libg.a(lib_a-strncpy.o)
                0x000000000010dad4                strncpy
 .text.strnlen  0x000000000010db98       0x48 c:/devkitpro/devkitarm/bin/../lib/gcc/arm-none-eabi/12.1.0/../../../../arm-none-eabi/lib/armv6k/fpu\libg.a(lib_a-strnlen.o)
                0x000000000010db98                strnlen
 .text._strtoul_l.constprop.0
                0x000000000010dbe0      0x1c4 c:/devkitpro/devkitarm/bin/../lib/gcc/arm-none-eabi/12.1.0/../../../../arm-none-eabi/lib/armv6k/fpu\libg.a(lib_a-strtoul.o)
 .text._strtoul_r
                0x000000000010dda4        0x4 c:/devkitpro/devkitarm/bin/../lib/gcc/arm-none-eabi/12.1.0/../../../../arm-none-eabi/lib/armv6k/fpu\libg.a(lib_a-strtoul.o)
                0x000000000010dda4                _strtoul_r
 .text.strtoul  0x000000000010dda8       0x28 c:/devkitpro/devkitarm/bin/../lib/gcc/arm-none-eabi/12.1.0/../../../../arm-none-eabi/lib/armv6k/fpu\libg.a(lib_a-strtoul.o)
                0x000000000010dda8                strtoul
 .text.get_arg  0x000000000010ddd0       0x50 c:/devkitpro/devkitarm/bin/../lib/gcc/arm-none-eabi/12.1.0/../../../../arm-none-eabi/lib/armv6k/fpu\libg.a(lib_a-svfscanf.o)
 .text.__ssvfscanf_r
                0x000000000010de20     0x2c38 c:/devkitpro/devkitarm/bin/../lib/gcc/arm-none-eabi/12.1.0/../../../../arm-none-eabi/lib/armv6k/fpu\libg.a(lib_a-svfscanf.o)
                0x000000000010de20                __ssvfscanf_r
 .text.get_arg  0x0000000000110a58      0x66c c:/devkitpro/devkitarm/bin/../lib/gcc/arm-none-eabi/12.1.0/../../../../arm-none-eabi/lib/armv6k/fpu\libg.a(lib_a-vfprintf.o)
 *fill*         0x00000000001110c4        0x4 
 .text._vfprintf_r
                0x00000000001110c8     0x339c c:/devkitpro/devkitarm/bin/../lib/gcc/arm-none-eabi/12.1.0/../../../../arm-none-eabi/lib/armv6k/fpu\libg.a(lib_a-vfprintf.o)
                0x00000000001110c8                _vfprintf_r
 .text.__sbprintf
                0x0000000000114464       0xd0 c:/devkitpro/devkitarm/bin/../lib/gcc/arm-none-eabi/12.1.0/../../../../arm-none-eabi/lib/armv6k/fpu\libg.a(lib_a-vfprintf.o)
 .text.__swbuf_r
                0x0000000000114534      0x108 c:/devkitpro/devkitarm/bin/../lib/gcc/arm-none-eabi/12.1.0/../../../../arm-none-eabi/lib/armv6k/fpu\libg.a(lib_a-wbuf.o)
                0x0000000000114534                __swbuf_r
 .text._wcrtomb_r
                0x000000000011463c       0x54 c:/devkitpro/devkitarm/bin/../lib/gcc/arm-none-eabi/12.1.0/../../../../arm-none-eabi/lib/armv6k/fpu\libg.a(lib_a-wcrtomb.o)
                0x000000000011463c                _wcrtomb_r
 .text._wcsrtombs_r
                0x0000000000114690       0x28 c:/devkitpro/devkitarm/bin/../lib/gcc/arm-none-eabi/12.1.0/../../../../arm-none-eabi/lib/armv6k/fpu\libg.a(lib_a-wcsrtombs.o)
                0x0000000000114690                _wcsrtombs_r
 .text.__swsetup_r
                0x00000000001146b8      0x13c c:/devkitpro/devkitarm/bin/../lib/gcc/arm-none-eabi/12.1.0/../../../../arm-none-eabi/lib/armv6k/fpu\libg.a(lib_a-wsetup.o)
                0x00000000001146b8                __swsetup_r
 .text.__call_exitprocs
                0x00000000001147f4      0x114 c:/devkitpro/devkitarm/bin/../lib/gcc/arm-none-eabi/12.1.0/../../../../arm-none-eabi/lib/armv6k/fpu\libg.a(lib_a-__call_atexit.o)
                0x00000000001147f4                __call_exitprocs
 .text.quorem   0x0000000000114908      0x1b0 c:/devkitpro/devkitarm/bin/../lib/gcc/arm-none-eabi/12.1.0/../../../../arm-none-eabi/lib/armv6k/fpu\libg.a(lib_a-dtoa.o)
 .text._dtoa_r  0x0000000000114ab8     0x11f8 c:/devkitpro/devkitarm/bin/../lib/gcc/arm-none-eabi/12.1.0/../../../../arm-none-eabi/lib/armv6k/fpu\libg.a(lib_a-dtoa.o)
                0x0000000000114ab8                _dtoa_r
 .text.__sflags
                0x0000000000115cb0       0xc8 c:/devkitpro/devkitarm/bin/../lib/gcc/arm-none-eabi/12.1.0/../../../../arm-none-eabi/lib/armv6k/fpu\libg.a(lib_a-flags.o)
                0x0000000000115cb0                __sflags
 .text.__sfvwrite_r
                0x0000000000115d78      0x4b4 c:/devkitpro/devkitarm/bin/../lib/gcc/arm-none-eabi/12.1.0/../../../../arm-none-eabi/lib/armv6k/fpu\libg.a(lib_a-fvwrite.o)
                0x0000000000115d78                __sfvwrite_r
 .text.iswspace
                0x000000000011622c        0x8 c:/devkitpro/devkitarm/bin/../lib/gcc/arm-none-eabi/12.1.0/../../../../arm-none-eabi/lib/armv6k/fpu\libg.a(lib_a-iswspace.o)
                0x000000000011622c                iswspace
 .text._localeconv_r
                0x0000000000116234        0xc c:/devkitpro/devkitarm/bin/../lib/gcc/arm-none-eabi/12.1.0/../../../../arm-none-eabi/lib/armv6k/fpu\libg.a(lib_a-localeconv.o)
                0x0000000000116234                _localeconv_r
 .text.__locale_mb_cur_max
                0x0000000000116240       0x10 c:/devkitpro/devkitarm/bin/../lib/gcc/arm-none-eabi/12.1.0/../../../../arm-none-eabi/lib/armv6k/fpu\libg.a(lib_a-locale.o)
                0x0000000000116240                __locale_mb_cur_max
 .text._mbrtowc_r
                0x0000000000116250       0x68 c:/devkitpro/devkitarm/bin/../lib/gcc/arm-none-eabi/12.1.0/../../../../arm-none-eabi/lib/armv6k/fpu\libg.a(lib_a-mbrtowc.o)
                0x0000000000116250                _mbrtowc_r
 .text.__utf8_mbtowc
                0x00000000001162b8      0x2f8 c:/devkitpro/devkitarm/bin/../lib/gcc/arm-none-eabi/12.1.0/../../../../arm-none-eabi/lib/armv6k/fpu\libg.a(lib_a-mbtowc_r.o)
                0x00000000001162b8                __utf8_mbtowc
 .text.memmove  0x00000000001165b0      0x150 c:/devkitpro/devkitarm/bin/../lib/gcc/arm-none-eabi/12.1.0/../../../../arm-none-eabi/lib/armv6k/fpu\libg.a(lib_a-memmove.o)
                0x00000000001165b0                memmove
 .text._Balloc  0x0000000000116700       0x88 c:/devkitpro/devkitarm/bin/../lib/gcc/arm-none-eabi/12.1.0/../../../../arm-none-eabi/lib/armv6k/fpu\libg.a(lib_a-mprec.o)
                0x0000000000116700                _Balloc
 .text._Bfree   0x0000000000116788       0x1c c:/devkitpro/devkitarm/bin/../lib/gcc/arm-none-eabi/12.1.0/../../../../arm-none-eabi/lib/armv6k/fpu\libg.a(lib_a-mprec.o)
                0x0000000000116788                _Bfree
 .text.__multadd
                0x00000000001167a4       0xf4 c:/devkitpro/devkitarm/bin/../lib/gcc/arm-none-eabi/12.1.0/../../../../arm-none-eabi/lib/armv6k/fpu\libg.a(lib_a-mprec.o)
                0x00000000001167a4                __multadd
 .text.__s2b    0x0000000000116898      0x110 c:/devkitpro/devkitarm/bin/../lib/gcc/arm-none-eabi/12.1.0/../../../../arm-none-eabi/lib/armv6k/fpu\libg.a(lib_a-mprec.o)
                0x0000000000116898                __s2b
 .text.__hi0bits
                0x00000000001169a8       0x60 c:/devkitpro/devkitarm/bin/../lib/gcc/arm-none-eabi/12.1.0/../../../../arm-none-eabi/lib/armv6k/fpu\libg.a(lib_a-mprec.o)
                0x00000000001169a8                __hi0bits
 .text.__lo0bits
                0x0000000000116a08       0x9c c:/devkitpro/devkitarm/bin/../lib/gcc/arm-none-eabi/12.1.0/../../../../arm-none-eabi/lib/armv6k/fpu\libg.a(lib_a-mprec.o)
                0x0000000000116a08                __lo0bits
 .text.__i2b    0x0000000000116aa4       0xa8 c:/devkitpro/devkitarm/bin/../lib/gcc/arm-none-eabi/12.1.0/../../../../arm-none-eabi/lib/armv6k/fpu\libg.a(lib_a-mprec.o)
                0x0000000000116aa4                __i2b
 .text.__multiply
                0x0000000000116b4c      0x204 c:/devkitpro/devkitarm/bin/../lib/gcc/arm-none-eabi/12.1.0/../../../../arm-none-eabi/lib/armv6k/fpu\libg.a(lib_a-mprec.o)
                0x0000000000116b4c                __multiply
 .text.__pow5mult
                0x0000000000116d50      0x124 c:/devkitpro/devkitarm/bin/../lib/gcc/arm-none-eabi/12.1.0/../../../../arm-none-eabi/lib/armv6k/fpu\libg.a(lib_a-mprec.o)
                0x0000000000116d50                __pow5mult
 .text.__lshift
                0x0000000000116e74      0x140 c:/devkitpro/devkitarm/bin/../lib/gcc/arm-none-eabi/12.1.0/../../../../arm-none-eabi/lib/armv6k/fpu\libg.a(lib_a-mprec.o)
                0x0000000000116e74                __lshift
 .text.__mcmp   0x0000000000116fb4       0x58 c:/devkitpro/devkitarm/bin/../lib/gcc/arm-none-eabi/12.1.0/../../../../arm-none-eabi/lib/armv6k/fpu\libg.a(lib_a-mprec.o)
                0x0000000000116fb4                __mcmp
 .text.__mdiff  0x000000000011700c      0x1ec c:/devkitpro/devkitarm/bin/../lib/gcc/arm-none-eabi/12.1.0/../../../../arm-none-eabi/lib/armv6k/fpu\libg.a(lib_a-mprec.o)
                0x000000000011700c                __mdiff
 .text.__ulp    0x00000000001171f8       0x68 c:/devkitpro/devkitarm/bin/../lib/gcc/arm-none-eabi/12.1.0/../../../../arm-none-eabi/lib/armv6k/fpu\libg.a(lib_a-mprec.o)
                0x00000000001171f8                __ulp
 .text.__b2d    0x0000000000117260       0xd0 c:/devkitpro/devkitarm/bin/../lib/gcc/arm-none-eabi/12.1.0/../../../../arm-none-eabi/lib/armv6k/fpu\libg.a(lib_a-mprec.o)
                0x0000000000117260                __b2d
 .text.__d2b    0x0000000000117330      0x120 c:/devkitpro/devkitarm/bin/../lib/gcc/arm-none-eabi/12.1.0/../../../../arm-none-eabi/lib/armv6k/fpu\libg.a(lib_a-mprec.o)
                0x0000000000117330                __d2b
 .text.__ratio  0x0000000000117450       0x78 c:/devkitpro/devkitarm/bin/../lib/gcc/arm-none-eabi/12.1.0/../../../../arm-none-eabi/lib/armv6k/fpu\libg.a(lib_a-mprec.o)
                0x0000000000117450                __ratio
 .text.__copybits
                0x00000000001174c8       0x88 c:/devkitpro/devkitarm/bin/../lib/gcc/arm-none-eabi/12.1.0/../../../../arm-none-eabi/lib/armv6k/fpu\libg.a(lib_a-mprec.o)
                0x00000000001174c8                __copybits
 .text.__any_on
                0x0000000000117550       0x5c c:/devkitpro/devkitarm/bin/../lib/gcc/arm-none-eabi/12.1.0/../../../../arm-none-eabi/lib/armv6k/fpu\libg.a(lib_a-mprec.o)
                0x0000000000117550                __any_on
 .text.realloc  0x00000000001175ac       0x20 c:/devkitpro/devkitarm/bin/../lib/gcc/arm-none-eabi/12.1.0/../../../../arm-none-eabi/lib/armv6k/fpu\libg.a(lib_a-realloc.o)
                0x00000000001175ac                realloc
 .text._realloc_r
                0x00000000001175cc      0x4a0 c:/devkitpro/devkitarm/bin/../lib/gcc/arm-none-eabi/12.1.0/../../../../arm-none-eabi/lib/armv6k/fpu\libg.a(lib_a-reallocr.o)
                0x00000000001175cc                _realloc_r
 .text.__sccl   0x0000000000117a6c       0xf4 c:/devkitpro/devkitarm/bin/../lib/gcc/arm-none-eabi/12.1.0/../../../../arm-none-eabi/lib/armv6k/fpu\libg.a(lib_a-sccl.o)
                0x0000000000117a6c                __sccl
 .text.nanf     0x0000000000117b60        0xc c:/devkitpro/devkitarm/bin/../lib/gcc/arm-none-eabi/12.1.0/../../../../arm-none-eabi/lib/armv6k/fpu\libg.a(lib_a-sf_nan.o)
                0x0000000000117b60                nanf
 *fill*         0x0000000000117b6c        0x4 
 .text.frexp    0x0000000000117b70       0x88 c:/devkitpro/devkitarm/bin/../lib/gcc/arm-none-eabi/12.1.0/../../../../arm-none-eabi/lib/armv6k/fpu\libg.a(lib_a-s_frexp.o)
                0x0000000000117b70                frexp
 .text.sprintf  0x0000000000117bf8       0x64 c:/devkitpro/devkitarm/bin/../lib/gcc/arm-none-eabi/12.1.0/../../../../arm-none-eabi/lib/armv6k/fpu\libg.a(lib_a-sprintf.o)
                0x0000000000117bf8                sprintf
 .text.stpncpy  0x0000000000117c5c       0xcc c:/devkitpro/devkitarm/bin/../lib/gcc/arm-none-eabi/12.1.0/../../../../arm-none-eabi/lib/armv6k/fpu\libg.a(lib_a-stpncpy.o)
                0x0000000000117c5c                stpncpy
 .text.strchr   0x0000000000117d28      0x130 c:/devkitpro/devkitarm/bin/../lib/gcc/arm-none-eabi/12.1.0/../../../../arm-none-eabi/lib/armv6k/fpu\libg.a(lib_a-strchr.o)
                0x0000000000117d28                strchr
 .text.sulp     0x0000000000117e58       0x64 c:/devkitpro/devkitarm/bin/../lib/gcc/arm-none-eabi/12.1.0/../../../../arm-none-eabi/lib/armv6k/fpu\libg.a(lib_a-strtod.o)
 *fill*         0x0000000000117ebc        0x4 
 .text._strtod_l
                0x0000000000117ec0     0x13a8 c:/devkitpro/devkitarm/bin/../lib/gcc/arm-none-eabi/12.1.0/../../../../arm-none-eabi/lib/armv6k/fpu\libg.a(lib_a-strtod.o)
                0x0000000000117ec0                _strtod_l
 .text._strtod_r
                0x0000000000119268        0xc c:/devkitpro/devkitarm/bin/../lib/gcc/arm-none-eabi/12.1.0/../../../../arm-none-eabi/lib/armv6k/fpu\libg.a(lib_a-strtod.o)
                0x0000000000119268                _strtod_r
 .text._strtoll_l.constprop.0
                0x0000000000119274      0x22c c:/devkitpro/devkitarm/bin/../lib/gcc/arm-none-eabi/12.1.0/../../../../arm-none-eabi/lib/armv6k/fpu\libg.a(lib_a-strtoll.o)
 .text._strtoll_r
                0x00000000001194a0        0x4 c:/devkitpro/devkitarm/bin/../lib/gcc/arm-none-eabi/12.1.0/../../../../arm-none-eabi/lib/armv6k/fpu\libg.a(lib_a-strtoll.o)
                0x00000000001194a0                _strtoll_r
 .text._strtol_l.part.0
                0x00000000001194a4      0x1a4 c:/devkitpro/devkitarm/bin/../lib/gcc/arm-none-eabi/12.1.0/../../../../arm-none-eabi/lib/armv6k/fpu\libg.a(lib_a-strtol.o)
 .text._strtol_r
                0x0000000000119648       0x3c c:/devkitpro/devkitarm/bin/../lib/gcc/arm-none-eabi/12.1.0/../../../../arm-none-eabi/lib/armv6k/fpu\libg.a(lib_a-strtol.o)
                0x0000000000119648                _strtol_r
 .text._strtoull_l.constprop.0
                0x0000000000119684      0x244 c:/devkitpro/devkitarm/bin/../lib/gcc/arm-none-eabi/12.1.0/../../../../arm-none-eabi/lib/armv6k/fpu\libg.a(lib_a-strtoull.o)
 .text._strtoull_r
                0x00000000001198c8        0x4 c:/devkitpro/devkitarm/bin/../lib/gcc/arm-none-eabi/12.1.0/../../../../arm-none-eabi/lib/armv6k/fpu\libg.a(lib_a-strtoull.o)
                0x00000000001198c8                _strtoull_r
 .text.__ssprint_r
                0x00000000001198cc      0x188 c:/devkitpro/devkitarm/bin/../lib/gcc/arm-none-eabi/12.1.0/../../../../arm-none-eabi/lib/armv6k/fpu\libg.a(lib_a-svfiprintf.o)
                0x00000000001198cc                __ssprint_r
 .text._sungetc_r
                0x0000000000119a54       0xd4 c:/devkitpro/devkitarm/bin/../lib/gcc/arm-none-eabi/12.1.0/../../../../arm-none-eabi/lib/armv6k/fpu\libg.a(lib_a-svfiscanf.o)
                0x0000000000119a54                _sungetc_r
 .text.__ssrefill_r
                0x0000000000119b28       0x6c c:/devkitpro/devkitarm/bin/../lib/gcc/arm-none-eabi/12.1.0/../../../../arm-none-eabi/lib/armv6k/fpu\libg.a(lib_a-svfiscanf.o)
                0x0000000000119b28                __ssrefill_r
 .text._sfread_r
                0x0000000000119b94       0xc4 c:/devkitpro/devkitarm/bin/../lib/gcc/arm-none-eabi/12.1.0/../../../../arm-none-eabi/lib/armv6k/fpu\libg.a(lib_a-svfiscanf.o)
                0x0000000000119b94                _sfread_r
 .text.get_arg  0x0000000000119c58      0x66c c:/devkitpro/devkitarm/bin/../lib/gcc/arm-none-eabi/12.1.0/../../../../arm-none-eabi/lib/armv6k/fpu\libg.a(lib_a-svfprintf.o)
 *fill*         0x000000000011a2c4        0x4 
 .text._svfprintf_r
                0x000000000011a2c8     0x3334 c:/devkitpro/devkitarm/bin/../lib/gcc/arm-none-eabi/12.1.0/../../../../arm-none-eabi/lib/armv6k/fpu\libg.a(lib_a-svfprintf.o)
                0x000000000011a2c8                _svfprintf_r
 .text.__submore
                0x000000000011d5fc       0xa8 c:/devkitpro/devkitarm/bin/../lib/gcc/arm-none-eabi/12.1.0/../../../../arm-none-eabi/lib/armv6k/fpu\libg.a(lib_a-ungetc.o)
                0x000000000011d5fc                __submore
 .text.get_arg  0x000000000011d6a4      0x66c c:/devkitpro/devkitarm/bin/../lib/gcc/arm-none-eabi/12.1.0/../../../../arm-none-eabi/lib/armv6k/fpu\libg.a(lib_a-vfiprintf.o)
 .text.__sprint_r
                0x000000000011dd10       0x30 c:/devkitpro/devkitarm/bin/../lib/gcc/arm-none-eabi/12.1.0/../../../../arm-none-eabi/lib/armv6k/fpu\libg.a(lib_a-vfiprintf.o)
                0x000000000011dd10                __sprint_r
 .text._vfiprintf_r
                0x000000000011dd40     0x22ec c:/devkitpro/devkitarm/bin/../lib/gcc/arm-none-eabi/12.1.0/../../../../arm-none-eabi/lib/armv6k/fpu\libg.a(lib_a-vfiprintf.o)
                0x000000000011dd40                _vfiprintf_r
 .text.__sbprintf
                0x000000000012002c       0xd0 c:/devkitpro/devkitarm/bin/../lib/gcc/arm-none-eabi/12.1.0/../../../../arm-none-eabi/lib/armv6k/fpu\libg.a(lib_a-vfiprintf.o)
 .text._wcsnrtombs_l
                0x00000000001200fc      0x188 c:/devkitpro/devkitarm/bin/../lib/gcc/arm-none-eabi/12.1.0/../../../../arm-none-eabi/lib/armv6k/fpu\libg.a(lib_a-wcsnrtombs.o)
                0x00000000001200fc                _wcsnrtombs_l
 .text._wcsnrtombs_r
                0x0000000000120284       0x4c c:/devkitpro/devkitarm/bin/../lib/gcc/arm-none-eabi/12.1.0/../../../../arm-none-eabi/lib/armv6k/fpu\libg.a(lib_a-wcsnrtombs.o)
                0x0000000000120284                _wcsnrtombs_r
 .text.__utf8_wctomb
                0x00000000001202d0       0xf0 c:/devkitpro/devkitarm/bin/../lib/gcc/arm-none-eabi/12.1.0/../../../../arm-none-eabi/lib/armv6k/fpu\libg.a(lib_a-wctomb_r.o)
                0x00000000001202d0                __utf8_wctomb
 .text.__assert_func
                0x00000000001203c0       0x5c c:/devkitpro/devkitarm/bin/../lib/gcc/arm-none-eabi/12.1.0/../../../../arm-none-eabi/lib/armv6k/fpu\libg.a(lib_a-assert.o)
                0x00000000001203c0                __assert_func
 .text._calloc_r
                0x000000000012041c       0xc0 c:/devkitpro/devkitarm/bin/../lib/gcc/arm-none-eabi/12.1.0/../../../../arm-none-eabi/lib/armv6k/fpu\libg.a(lib_a-callocr.o)
                0x000000000012041c                _calloc_r
 .text.fiprintf
                0x00000000001204dc       0x3c c:/devkitpro/devkitarm/bin/../lib/gcc/arm-none-eabi/12.1.0/../../../../arm-none-eabi/lib/armv6k/fpu\libg.a(lib_a-fiprintf.o)
                0x00000000001204dc                fiprintf
 .text.rshift   0x0000000000120518       0xf0 c:/devkitpro/devkitarm/bin/../lib/gcc/arm-none-eabi/12.1.0/../../../../arm-none-eabi/lib/armv6k/fpu\libg.a(lib_a-gdtoa-gethex.o)
 .text.__gethex
                0x0000000000120608      0x814 c:/devkitpro/devkitarm/bin/../lib/gcc/arm-none-eabi/12.1.0/../../../../arm-none-eabi/lib/armv6k/fpu\libg.a(lib_a-gdtoa-gethex.o)
                0x0000000000120608                __gethex
 .text.__match  0x0000000000120e1c       0x4c c:/devkitpro/devkitarm/bin/../lib/gcc/arm-none-eabi/12.1.0/../../../../arm-none-eabi/lib/armv6k/fpu\libg.a(lib_a-gdtoa-hexnan.o)
                0x0000000000120e1c                __match
 .text.__hexnan
                0x0000000000120e68      0x29c c:/devkitpro/devkitarm/bin/../lib/gcc/arm-none-eabi/12.1.0/../../../../arm-none-eabi/lib/armv6k/fpu\libg.a(lib_a-gdtoa-hexnan.o)
                0x0000000000120e68                __hexnan
 .text.iswspace_l
                0x0000000000121104       0x3c c:/devkitpro/devkitarm/bin/../lib/gcc/arm-none-eabi/12.1.0/../../../../arm-none-eabi/lib/armv6k/fpu\libg.a(lib_a-iswspace_l.o)
                0x0000000000121104                iswspace_l
 .text.__jp2uc  0x0000000000121140      0x1d8 c:/devkitpro/devkitarm/bin/../lib/gcc/arm-none-eabi/12.1.0/../../../../arm-none-eabi/lib/armv6k/fpu\libg.a(lib_a-jp2uc.o)
 .text._jp2uc_l
                0x0000000000121318       0x9c c:/devkitpro/devkitarm/bin/../lib/gcc/arm-none-eabi/12.1.0/../../../../arm-none-eabi/lib/armv6k/fpu\libg.a(lib_a-jp2uc.o)
                0x0000000000121318                _jp2uc_l
 *fill*         0x00000000001213b4        0x4 
 .text.nan      0x00000000001213b8       0x10 c:/devkitpro/devkitarm/bin/../lib/gcc/arm-none-eabi/12.1.0/../../../../arm-none-eabi/lib/armv6k/fpu\libg.a(lib_a-s_nan.o)
                0x00000000001213b8                nan
 .text.abort    0x00000000001213c8       0x14 c:/devkitpro/devkitarm/bin/../lib/gcc/arm-none-eabi/12.1.0/../../../../arm-none-eabi/lib/armv6k/fpu\libg.a(lib_a-abort.o)
                0x00000000001213c8                abort
 .text.category
                0x00000000001213dc       0x8c c:/devkitpro/devkitarm/bin/../lib/gcc/arm-none-eabi/12.1.0/../../../../arm-none-eabi/lib/armv6k/fpu\libg.a(lib_a-categories.o)
                0x00000000001213dc                category
 .text._raise_r
                0x0000000000121468       0x90 c:/devkitpro/devkitarm/bin/../lib/gcc/arm-none-eabi/12.1.0/../../../../arm-none-eabi/lib/armv6k/fpu\libg.a(lib_a-signal.o)
                0x0000000000121468                _raise_r
 .text.raise    0x00000000001214f8       0x18 c:/devkitpro/devkitarm/bin/../lib/gcc/arm-none-eabi/12.1.0/../../../../arm-none-eabi/lib/armv6k/fpu\libg.a(lib_a-signal.o)
                0x00000000001214f8                raise
 .text.null_write
                0x0000000000121510        0x8 c:/devkitpro/devkitarm/bin/../lib/gcc/arm-none-eabi/12.1.0/../../../../arm-none-eabi/lib/armv6k/fpu\libsysbase.a(iosupport.o)
 .text.setDefaultDevice
                0x0000000000121518       0x18 c:/devkitpro/devkitarm/bin/../lib/gcc/arm-none-eabi/12.1.0/../../../../arm-none-eabi/lib/armv6k/fpu\libsysbase.a(iosupport.o)
                0x0000000000121518                setDefaultDevice
 .text.FindDevice
                0x0000000000121530       0xc8 c:/devkitpro/devkitarm/bin/../lib/gcc/arm-none-eabi/12.1.0/../../../../arm-none-eabi/lib/armv6k/fpu\libsysbase.a(iosupport.o)
                0x0000000000121530                FindDevice
 .text.RemoveDevice
                0x00000000001215f8       0x28 c:/devkitpro/devkitarm/bin/../lib/gcc/arm-none-eabi/12.1.0/../../../../arm-none-eabi/lib/armv6k/fpu\libsysbase.a(iosupport.o)
                0x00000000001215f8                RemoveDevice
 .text.AddDevice
                0x0000000000121620       0x9c c:/devkitpro/devkitarm/bin/../lib/gcc/arm-none-eabi/12.1.0/../../../../arm-none-eabi/lib/armv6k/fpu\libsysbase.a(iosupport.o)
                0x0000000000121620                AddDevice
 .text.GetDeviceOpTab
                0x00000000001216bc       0x20 c:/devkitpro/devkitarm/bin/../lib/gcc/arm-none-eabi/12.1.0/../../../../arm-none-eabi/lib/armv6k/fpu\libsysbase.a(iosupport.o)
                0x00000000001216bc                GetDeviceOpTab
 .text._fstat_r
                0x00000000001216dc       0x78 c:/devkitpro/devkitarm/bin/../lib/gcc/arm-none-eabi/12.1.0/../../../../arm-none-eabi/lib/armv6k/fpu\libsysbase.a(fstat.o)
                0x00000000001216dc                _fstat_r
 .text._getpid_r
                0x0000000000121754       0x14 c:/devkitpro/devkitarm/bin/../lib/gcc/arm-none-eabi/12.1.0/../../../../arm-none-eabi/lib/armv6k/fpu\libsysbase.a(getpid.o)
                0x0000000000121754                _getpid_r
 .text._isatty_r
                0x0000000000121768        0x8 c:/devkitpro/devkitarm/bin/../lib/gcc/arm-none-eabi/12.1.0/../../../../arm-none-eabi/lib/armv6k/fpu\libsysbase.a(isatty.o)
                0x0000000000121768                _isatty_r
 .text._kill_r  0x0000000000121770       0x14 c:/devkitpro/devkitarm/bin/../lib/gcc/arm-none-eabi/12.1.0/../../../../arm-none-eabi/lib/armv6k/fpu\libsysbase.a(kill.o)
                0x0000000000121770                _kill_r
 .text._lseek_r
                0x0000000000121784       0x84 c:/devkitpro/devkitarm/bin/../lib/gcc/arm-none-eabi/12.1.0/../../../../arm-none-eabi/lib/armv6k/fpu\libsysbase.a(lseek.o)
                0x0000000000121784                _lseek_r
 .text._open_r  0x0000000000121808       0xc0 c:/devkitpro/devkitarm/bin/../lib/gcc/arm-none-eabi/12.1.0/../../../../arm-none-eabi/lib/armv6k/fpu\libsysbase.a(open.o)
                0x0000000000121808                _open_r
 .text._read_r  0x00000000001218c8       0x80 c:/devkitpro/devkitarm/bin/../lib/gcc/arm-none-eabi/12.1.0/../../../../arm-none-eabi/lib/armv6k/fpu\libsysbase.a(read.o)
                0x00000000001218c8                _read_r
 .text._sbrk_r  0x0000000000121948       0x78 c:/devkitpro/devkitarm/bin/../lib/gcc/arm-none-eabi/12.1.0/../../../../arm-none-eabi/lib/armv6k/fpu\libsysbase.a(sbrk.o)
                0x0000000000121948                _sbrk_r
 .text.sleep    0x00000000001219c0       0x48 c:/devkitpro/devkitarm/bin/../lib/gcc/arm-none-eabi/12.1.0/../../../../arm-none-eabi/lib/armv6k/fpu\libsysbase.a(sleep.o)
                0x00000000001219c0                sleep
 .text._write_r
                0x0000000000121a08       0x80 c:/devkitpro/devkitarm/bin/../lib/gcc/arm-none-eabi/12.1.0/../../../../arm-none-eabi/lib/armv6k/fpu\libsysbase.a(write.o)
                0x0000000000121a08                _write_r
 .text._exit    0x0000000000121a88       0x20 c:/devkitpro/devkitarm/bin/../lib/gcc/arm-none-eabi/12.1.0/../../../../arm-none-eabi/lib/armv6k/fpu\libsysbase.a(_exit.o)
                0x0000000000121a88                _exit
 .text._concatenate_path
                0x0000000000121aa8      0x1a4 c:/devkitpro/devkitarm/bin/../lib/gcc/arm-none-eabi/12.1.0/../../../../arm-none-eabi/lib/armv6k/fpu\libsysbase.a(chdir.o)
                0x0000000000121aa8                _concatenate_path
 .text.chdir    0x0000000000121c4c      0x140 c:/devkitpro/devkitarm/bin/../lib/gcc/arm-none-eabi/12.1.0/../../../../arm-none-eabi/lib/armv6k/fpu\libsysbase.a(chdir.o)
                0x0000000000121c4c                chdir
 .text.__flockfile
                0x0000000000121d8c        0x8 c:/devkitpro/devkitarm/bin/../lib/gcc/arm-none-eabi/12.1.0/../../../../arm-none-eabi/lib/armv6k/fpu\libsysbase.a(flock.o)
                0x0000000000121d8c                __flockfile
 .text.__funlockfile
                0x0000000000121d94        0x8 c:/devkitpro/devkitarm/bin/../lib/gcc/arm-none-eabi/12.1.0/../../../../arm-none-eabi/lib/armv6k/fpu\libsysbase.a(flock.o)
                0x0000000000121d94                __funlockfile
 .text.__release_handle
                0x0000000000121d9c       0x8c c:/devkitpro/devkitarm/bin/../lib/gcc/arm-none-eabi/12.1.0/../../../../arm-none-eabi/lib/armv6k/fpu\libsysbase.a(handle_manager.o)
                0x0000000000121d9c                __release_handle
 .text.__alloc_handle
                0x0000000000121e28       0xb0 c:/devkitpro/devkitarm/bin/../lib/gcc/arm-none-eabi/12.1.0/../../../../arm-none-eabi/lib/armv6k/fpu\libsysbase.a(handle_manager.o)
                0x0000000000121e28                __alloc_handle
 .text.__get_handle
                0x0000000000121ed8       0x3c c:/devkitpro/devkitarm/bin/../lib/gcc/arm-none-eabi/12.1.0/../../../../arm-none-eabi/lib/armv6k/fpu\libsysbase.a(handle_manager.o)
                0x0000000000121ed8                __get_handle
 .text._close_r
                0x0000000000121f14       0xf4 c:/devkitpro/devkitarm/bin/../lib/gcc/arm-none-eabi/12.1.0/../../../../arm-none-eabi/lib/armv6k/fpu\libsysbase.a(handle_manager.o)
                0x0000000000121f14                _close_r
 .text.__getreent
                0x0000000000122008       0x2c c:/devkitpro/devkitarm/bin/../lib/gcc/arm-none-eabi/12.1.0/../../../../arm-none-eabi/lib/armv6k/fpu\libsysbase.a(getreent.o)
                0x0000000000122008                __getreent
 .text.__libc_lock_acquire
                0x0000000000122034       0x1c c:/devkitpro/devkitarm/bin/../lib/gcc/arm-none-eabi/12.1.0/../../../../arm-none-eabi/lib/armv6k/fpu\libsysbase.a(syscall_support.o)
                0x0000000000122034                __libc_lock_acquire
 .text.__libc_lock_release
                0x0000000000122050       0x1c c:/devkitpro/devkitarm/bin/../lib/gcc/arm-none-eabi/12.1.0/../../../../arm-none-eabi/lib/armv6k/fpu\libsysbase.a(syscall_support.o)
                0x0000000000122050                __libc_lock_release
 .text.__libc_lock_init_recursive
                0x000000000012206c       0x1c c:/devkitpro/devkitarm/bin/../lib/gcc/arm-none-eabi/12.1.0/../../../../arm-none-eabi/lib/armv6k/fpu\libsysbase.a(syscall_support.o)
                0x000000000012206c                __libc_lock_init_recursive
 .text.__libc_lock_acquire_recursive
                0x0000000000122088       0x1c c:/devkitpro/devkitarm/bin/../lib/gcc/arm-none-eabi/12.1.0/../../../../arm-none-eabi/lib/armv6k/fpu\libsysbase.a(syscall_support.o)
                0x0000000000122088                __libc_lock_acquire_recursive
 .text.__libc_lock_release_recursive
                0x00000000001220a4       0x1c c:/devkitpro/devkitarm/bin/../lib/gcc/arm-none-eabi/12.1.0/../../../../arm-none-eabi/lib/armv6k/fpu\libsysbase.a(syscall_support.o)
                0x00000000001220a4                __libc_lock_release_recursive
 .text.__libc_lock_close_recursive
                0x00000000001220c0       0x1c c:/devkitpro/devkitarm/bin/../lib/gcc/arm-none-eabi/12.1.0/../../../../arm-none-eabi/lib/armv6k/fpu\libsysbase.a(syscall_support.o)
                0x00000000001220c0                __libc_lock_close_recursive
 .text.nanosleep
                0x00000000001220dc       0x40 c:/devkitpro/devkitarm/bin/../lib/gcc/arm-none-eabi/12.1.0/../../../../arm-none-eabi/lib/armv6k/fpu\libsysbase.a(nanosleep.o)
                0x00000000001220dc                nanosleep
 .text.__fixdfdi
                0x000000000012211c       0x38 c:/devkitpro/devkitarm/bin/../lib/gcc/arm-none-eabi/12.1.0/armv6k/fpu\libgcc.a(_fixdfdi.o)
                0x000000000012211c                __fixdfdi
                0x000000000012211c                __aeabi_d2lz
 *fill*         0x0000000000122154        0x4 
 .text.__fixunsdfdi
                0x0000000000122158       0x40 c:/devkitpro/devkitarm/bin/../lib/gcc/arm-none-eabi/12.1.0/armv6k/fpu\libgcc.a(_fixunsdfdi.o)
                0x0000000000122158                __fixunsdfdi
                0x0000000000122158                __aeabi_d2ulz
 .text.strrchr  0x0000000000122198       0x48 c:/devkitpro/devkitarm/bin/../lib/gcc/arm-none-eabi/12.1.0/../../../../arm-none-eabi/lib/armv6k/fpu\libg.a(lib_a-strrchr.o)
                0x0000000000122198                strrchr
 *(.glue_7)
 .glue_7        0x00000000001221e0        0x0 linker stubs
 *(.glue_7t)
 .glue_7t       0x00000000001221e0        0x0 linker stubs
 *(.stub)
 *(.gnu.warning)
 *(.gnu.linkonce.t*)
                0x00000000001221e0                . = ALIGN (0x4)
 *(.fini)
 .fini          0x00000000001221e0        0xc c:/devkitpro/devkitarm/bin/../lib/gcc/arm-none-eabi/12.1.0/armv6k/fpu/crti.o
                0x00000000001221e0                _fini
 .fini          0x00000000001221ec        0xc c:/devkitpro/devkitarm/bin/../lib/gcc/arm-none-eabi/12.1.0/armv6k/fpu/crtn.o
                0x00000000001221f8                . = ALIGN (0x4)

.vfp11_veneer   0x00000000001221f8        0x0
 .vfp11_veneer  0x00000000001221f8        0x0 linker stubs

.v4_bx          0x00000000001221f8        0x0
 .v4_bx         0x00000000001221f8        0x0 linker stubs

.iplt           0x00000000001221f8        0x0
 .iplt          0x00000000001221f8        0x0 c:/devkitpro/devkitarm/bin/../lib/gcc/arm-none-eabi/12.1.0/../../../../arm-none-eabi/lib/armv6k/fpu/3dsx_crt0.o
                0x0000000000123000                . = ALIGN (0x1000)

.rodata         0x0000000000123000     0x7e30
 *(.rodata)
 .rodata        0x0000000000123000        0x3 C:/devkitPro/libctru/lib\libctru.a(apt.o)
 *fill*         0x0000000000123003        0x1 
 .rodata        0x0000000000123004        0xc C:/devkitPro/libctru/lib\libctru.a(archive_dev.o)
 *(.roda)
 *(.rodata.*)
 .rodata.str1.4
                0x0000000000123010      0x18e main.o
                                        0x192 (size before relaxing)
 *fill*         0x000000000012319e        0x2 
 .rodata.parseColor.str1.4
                0x00000000001231a0       0x1b C:/devkitPro/libctru/lib\libctru.a(console.o)
 *fill*         0x00000000001231bb        0x1 
 .rodata.con_write.str1.4
                0x00000000001231bc       0x4a C:/devkitPro/libctru/lib\libctru.a(console.o)
 *fill*         0x0000000000123206        0x2 
 .rodata.str1.4
                0x0000000000123208       0x10 C:/devkitPro/libctru/lib\libctru.a(console.o)
 .rodata.dotab_stdout
                0x0000000000123218       0x70 C:/devkitPro/libctru/lib\libctru.a(console.o)
 .rodata.grayScale
                0x0000000000123288       0x18 C:/devkitPro/libctru/lib\libctru.a(console.o)
 .rodata.colorCube
                0x00000000001232a0        0x6 C:/devkitPro/libctru/lib\libctru.a(console.o)
 *fill*         0x00000000001232a6        0x2 
 .rodata.colorTable
                0x00000000001232a8       0x30 C:/devkitPro/libctru/lib\libctru.a(console.o)
 .rodata.gspInit.str1.4
                0x00000000001232d8        0x9 C:/devkitPro/libctru/lib\libctru.a(gspgpu.o)
 *fill*         0x00000000001232e1        0x3 
 .rodata.aptSendCommand.str1.4
                0x00000000001232e4       0x16 C:/devkitPro/libctru/lib\libctru.a(apt.o)
 *fill*         0x00000000001232fa        0x2 
 .rodata.morton_y.2
                0x00000000001232fc        0x8 C:/devkitPro/libctru/lib\libctru.a(apt.o)
 .rodata.morton_x.3
                0x0000000000123304        0x8 C:/devkitPro/libctru/lib\libctru.a(apt.o)
 .rodata.s_sleepWakeEvents.4
                0x000000000012330c        0x8 C:/devkitPro/libctru/lib\libctru.a(apt.o)
 .rodata.hidInit.str1.4
                0x0000000000123314       0x15 C:/devkitPro/libctru/lib\libctru.a(hid.o)
 *fill*         0x0000000000123329        0x3 
 .rodata.__system_initArgv.str1.4
                0x000000000012332c        0xa C:/devkitPro/libctru/lib\libctru.a(initArgv.o)
 *fill*         0x0000000000123336        0x2 
 .rodata.default_font_bin
                0x0000000000123338      0x800 C:/devkitPro/libctru/lib\libctru.a(default_font.bin.o)
                0x0000000000123338                default_font_bin
                0x0000000000123b38                default_font_bin_end
 .rodata.srvInit.str1.4
                0x0000000000123b38        0x5 C:/devkitPro/libctru/lib\libctru.a(srv.o)
 *fill*         0x0000000000123b3d        0x3 
 .rodata.irrstInit.str1.4
                0x0000000000123b40        0x7 C:/devkitPro/libctru/lib\libctru.a(irrst.o)
 *fill*         0x0000000000123b47        0x1 
 .rodata.ptmSysmInit.str1.4
                0x0000000000123b48        0x9 C:/devkitPro/libctru/lib\libctru.a(ptmsysm.o)
 *fill*         0x0000000000123b51        0x3 
 .rodata._archiveUnmountDeviceStruct.part.0.str1.4
                0x0000000000123b54        0x2 C:/devkitPro/libctru/lib\libctru.a(archive_dev.o)
 *fill*         0x0000000000123b56        0x2 
 .rodata._archiveMountDevice.str1.4
                0x0000000000123b58        0x8 C:/devkitPro/libctru/lib\libctru.a(archive_dev.o)
                                          0xc (size before relaxing)
 .rodata.archiveMountSdmc.str1.4
                0x0000000000123b60        0x5 C:/devkitPro/libctru/lib\libctru.a(archive_dev.o)
 *fill*         0x0000000000123b65        0x3 
 .rodata.error_table
                0x0000000000123b68       0x30 C:/devkitPro/libctru/lib\libctru.a(archive_dev.o)
 .rodata.str1.4
                0x0000000000123b98        0x8 C:/devkitPro/libctru/lib\libctru.a(archive_dev.o)
 .rodata.archive_devoptab
                0x0000000000123ba0       0x70 C:/devkitPro/libctru/lib\libctru.a(archive_dev.o)
 .rodata.fsInit.str1.4
                0x0000000000123c10        0x8 C:/devkitPro/libctru/lib\libctru.a(fs.o)
 .rodata._global_impure_ptr
                0x0000000000123c18        0x4 c:/devkitpro/devkitarm/bin/../lib/gcc/arm-none-eabi/12.1.0/../../../../arm-none-eabi/lib/armv6k/fpu\libg.a(lib_a-impure.o)
                0x0000000000123c18                _global_impure_ptr
 .rodata._puts_r.str1.4
                0x0000000000123c1c        0x2 c:/devkitpro/devkitarm/bin/../lib/gcc/arm-none-eabi/12.1.0/../../../../arm-none-eabi/lib/armv6k/fpu\libg.a(lib_a-puts.o)
 .rodata.__ssvfscanf_r.str1.1
                0x0000000000123c1c        0x5 c:/devkitpro/devkitarm/bin/../lib/gcc/arm-none-eabi/12.1.0/../../../../arm-none-eabi/lib/armv6k/fpu\libg.a(lib_a-svfscanf.o)
                                          0x6 (size before relaxing)
 *fill*         0x0000000000123c21        0x3 
 .rodata.basefix.0
                0x0000000000123c24       0x22 c:/devkitpro/devkitarm/bin/../lib/gcc/arm-none-eabi/12.1.0/../../../../arm-none-eabi/lib/armv6k/fpu\libg.a(lib_a-svfscanf.o)
 .rodata._vfprintf_r.str1.1
                0x0000000000123c46       0x3b c:/devkitpro/devkitarm/bin/../lib/gcc/arm-none-eabi/12.1.0/../../../../arm-none-eabi/lib/armv6k/fpu\libg.a(lib_a-vfprintf.o)
 *fill*         0x0000000000123c81        0x3 
 .rodata.zeroes.0
                0x0000000000123c84       0x10 c:/devkitpro/devkitarm/bin/../lib/gcc/arm-none-eabi/12.1.0/../../../../arm-none-eabi/lib/armv6k/fpu\libg.a(lib_a-vfprintf.o)
 .rodata.blanks.1
                0x0000000000123c94       0x10 c:/devkitpro/devkitarm/bin/../lib/gcc/arm-none-eabi/12.1.0/../../../../arm-none-eabi/lib/armv6k/fpu\libg.a(lib_a-vfprintf.o)
 .rodata._ctype_
                0x0000000000123ca4      0x101 c:/devkitpro/devkitarm/bin/../lib/gcc/arm-none-eabi/12.1.0/../../../../arm-none-eabi/lib/armv6k/fpu\libg.a(lib_a-ctype_.o)
                0x0000000000123ca4                _ctype_
 *fill*         0x0000000000123da5        0x3 
 .rodata._dtoa_r.str1.4
                0x0000000000123da8       0x70 c:/devkitpro/devkitarm/bin/../lib/gcc/arm-none-eabi/12.1.0/../../../../arm-none-eabi/lib/armv6k/fpu\libg.a(lib_a-dtoa.o)
 .rodata.str1.4
                0x0000000000123e18       0x48 c:/devkitpro/devkitarm/bin/../lib/gcc/arm-none-eabi/12.1.0/../../../../arm-none-eabi/lib/armv6k/fpu\libg.a(lib_a-locale.o)
                                         0x4c (size before relaxing)
 .rodata._mbrtowc_r.str1.4
                0x0000000000123e60        0x1 c:/devkitpro/devkitarm/bin/../lib/gcc/arm-none-eabi/12.1.0/../../../../arm-none-eabi/lib/armv6k/fpu\libg.a(lib_a-mbrtowc.o)
 .rodata.__multadd.str1.4
                0x0000000000123e60       0x49 c:/devkitpro/devkitarm/bin/../lib/gcc/arm-none-eabi/12.1.0/../../../../arm-none-eabi/lib/armv6k/fpu\libg.a(lib_a-mprec.o)
                                         0x5d (size before relaxing)
 *fill*         0x0000000000123ea9        0x3 
 .rodata.p05.0  0x0000000000123eac        0xc c:/devkitpro/devkitarm/bin/../lib/gcc/arm-none-eabi/12.1.0/../../../../arm-none-eabi/lib/armv6k/fpu\libg.a(lib_a-mprec.o)
 .rodata.__mprec_bigtens
                0x0000000000123eb8       0x28 c:/devkitpro/devkitarm/bin/../lib/gcc/arm-none-eabi/12.1.0/../../../../arm-none-eabi/lib/armv6k/fpu\libg.a(lib_a-mprec.o)
                0x0000000000123eb8                __mprec_bigtens
 .rodata.__mprec_tens